<area shape="rect" id="node3" href="$classcontainer_1_1Queue.html#f1f128af37456d3c344a27ad1660ea91" title="Remove the first Entity from the Queue and return a pointer to the Entity." alt="" coords="1147,32,1323,60">
<area shape="rect" id="node9" href="$classcontainer_1_1Container.html#a408b3870ae6d232ffe3c536510789ee" title="Return the number of Entity objects in this container." alt="" coords="1428,134,1625,162">
<area shape="rect" id="node11" href="$classcontainer_1_1Queue.html#c8f19a8dd6bede46d001ea504ae7856f" title="Add an Entity onto the end of the Queue." alt="" coords="1147,438,1323,466">
<area shape="rect" id="node17" href="$classcontainer_1_1List.html#897fccd47e24d336fab5f414bba2bfe3" title="Return a pointer to the Entity found at the specified, zero&#45;based index." alt="" coords="1157,488,1312,516">
<area shape="rect" id="node20" href="$classcontainer__test_1_1QueueImpl__test.html#a79a080b15ca678147a9d7b8051989bb" title="container_test::QueueImpl_test::startingEmpty" alt="" coords="391,235,681,263">
<area shape="rect" id="node23" href="$classcontainer__test_1_1QueueImpl__test.html#ba1adac96f0b953db5135c30279e4625" title="container_test::QueueImpl_test::verifyQueueCoherence" alt="" coords="732,286,1071,314">
<area shape="rect" id="node5" href="$classcontainer_1_1Queue.html#706f5e4478ddc9a389d5ea7c10ff6e41" title="Hide from sub&#45;classes." alt="" coords="1435,58,1619,86">
<area shape="rect" id="node7" href="$classcontainer_1_1Queue.html#9aba01b891e9859093438de7fb75fdc5" title="Called by a template method." alt="" coords="1423,7,1631,35">
<area shape="rect" id="node13" href="$classcontainer_1_1Queue.html#af5fa0f3a275e76ea2e7067e247fcecc" title="Called by a template method." alt="" coords="1423,488,1631,516">
<area shape="rect" id="node15" href="$classcontainer_1_1Queue.html#7193c6349e0b90ed88f8d57080bdc845" title="Hide from sub&#45;classes." alt="" coords="1437,438,1616,466">
<area shape="rect" id="node25" href="$classcontainer_1_1OrderedList.html#ec051caf347658638a2aa66fd3d08326" title="Add an Entity to the end of the list." alt="" coords="1135,286,1335,314">
<area shape="rect" id="node34" href="$classcontainer_1_1List.html#20570f605dae5bee65fa80f244d79245" title="Remove the current Entity from the list and return a pointer to it." alt="" coords="1121,336,1348,364">
<area shape="rect" id="node41" href="$classcontainer_1_1Container.html#731522fdda128b8a0f70eec4ebf218f4" title="Return true if the container is empty, false otherwise." alt="" coords="1139,235,1331,263">
<area shape="rect" id="node44" href="$classcontainer_1_1List.html#6ba14a4d94774f1df27db0c818194d17" title="Point the cursor to the first Entity in the list." alt="" coords="1161,387,1308,415">
<area shape="rect" id="node27" href="$classcontainer_1_1OrderedList.html#3376af14f3c8a22505d34ff24e55e723" title="Called by a template method." alt="" coords="1412,286,1641,314">
<area shape="rect" id="node29" href="$classcontainer_1_1OrderedList.html#ff988f9c4cd10d9c6ded214626dd3e12" title="Hide from sub&#45;classes." alt="" coords="1423,235,1631,263">
<area shape="rect" id="node36" href="$classcontainer_1_1Container.html#94ba04bb7cc9899cb90397fc5a929457" title="container::Container::decCount" alt="" coords="1427,387,1627,415">
<area shape="rect" id="node38" href="$classcontainer_1_1List.html#49229e27ecb99867d28bf31ee70577a9" title="Called by a template method." alt="" coords="1397,336,1656,364">
