<area shape="rect" id="node3" href="$classcontainer_1_1ArrayList.html#bb7334ccf0bf5b57d4796908ca023821" title="Close the gap at index by shifting Enity objects up in the List." alt="" coords="273,5,471,33">
<area shape="rect" id="node5" href="$classcontainer_1_1ArrayList.html#fb0069dae6bbb7234e45bebc86261cbd" title="Return a pointer to the current Entity." alt="" coords="264,55,480,83">
<area shape="rect" id="node7" href="$classcontainer_1_1ArrayList.html#0b211a906ff1aeea24e4f4d7dfd9eff9" title="Called by a template method." alt="" coords="247,106,497,134">
<area shape="rect" id="node9" href="$classcontainer_1_1ArrayList.html#608922e3475d7deb8eab33a8fde2a5ff" title="Called by a template method." alt="" coords="228,157,516,185">
<area shape="rect" id="node11" href="$classcontainer_1_1ArrayList.html#36a6e7f765bf1e05f7f6cc9152fea94a" title="Write the state of an Object for debugging and demonstration." alt="" coords="268,207,476,235">
<area shape="rect" id="node13" href="$classcontainer_1_1ArrayList.html#8cf69717766c6fb9429e177a84e7bf0e" title="Point the cursor to the next Entity in the list." alt="" coords="283,258,461,286">
