<area shape="rect" id="node3" href="$classcontainer_1_1SortedArrayList.html#dbdeccd93b61b30a67828d587753a906" title="Called by a template method." alt="" coords="287,81,567,109">
<area shape="rect" id="node5" href="$classcontainer_1_1SortedArrayList.html#fb155a72746ed1bc77f884646dd8bb48" title="Locate the Entity with the matching key using a binary search algorithm." alt="" coords="616,55,872,83">
<area shape="rect" id="node11" href="$classcontainer_1_1ArrayList.html#df4dd9685b3634c0279f3e14f4ba08c3" title="Open a new gap at index by shifting Enity objects down in the List." alt="" coords="647,131,841,159">
<area shape="rect" id="node7" href="$classcontainer_1_1Entity.html#fc0e633c981a32ec3e61c7a92f860221" title="Compare this Entity with second." alt="" coords="924,5,1135,33">
<area shape="rect" id="node9" href="$classcontainer_1_1Container.html#a408b3870ae6d232ffe3c536510789ee" title="Return the number of Entity objects in this container." alt="" coords="1187,131,1384,159">
<area shape="rect" id="node13" href="$classcontainer_1_1ArrayList.html#cced08d5134bb8f58195911c7e4594e3" title="container::ArrayList::allocateArray" alt="" coords="920,157,1139,185">
<area shape="rect" id="node17" href="$classcontainer_1_1ArrayList.html#4dbcdb30f7ba7ab89ab6fddbdd041b38" title="container::ArrayList::isAtCapacity" alt="" coords="921,207,1137,235">
