<area shape="rect" id="node3" href="$classcontainer_1_1OrderedList.html#ec051caf347658638a2aa66fd3d08326" title="Add an Entity to the end of the list." alt="" coords="401,55,601,83">
<area shape="rect" id="node9" href="$classcontainer_1_1List.html#20570f605dae5bee65fa80f244d79245" title="Remove the current Entity from the list and return a pointer to it." alt="" coords="388,131,615,159">
<area shape="rect" id="node15" href="$classcontainer_1_1Container.html#a408b3870ae6d232ffe3c536510789ee" title="Return the number of Entity objects in this container." alt="" coords="695,207,892,235">
<area shape="rect" id="node17" href="$classcontainer_1_1Container.html#731522fdda128b8a0f70eec4ebf218f4" title="Return true if the container is empty, false otherwise." alt="" coords="405,233,597,261">
<area shape="rect" id="node20" href="$classcontainer_1_1Stack.html#d63453e13a17b44d88e886541aa3b736" title="Remove the top Entity from the Stack and return a pointer to the Entity." alt="" coords="429,283,573,311">
<area shape="rect" id="node27" href="$classcontainer_1_1Stack.html#cb31868c9b72884815875a74d7632106" title="Add an Entity onto the top of the Stack." alt="" coords="425,334,577,362">
<area shape="rect" id="node33" href="$classcontainer_1_1List.html#93e127ab49bde91c0cebafcda9378a86" title="Point the cursor to the last Entity in the list." alt="" coords="428,385,575,413">
<area shape="rect" id="node5" href="$classcontainer_1_1OrderedList.html#3376af14f3c8a22505d34ff24e55e723" title="Called by a template method." alt="" coords="679,5,908,33">
<area shape="rect" id="node7" href="$classcontainer_1_1OrderedList.html#ff988f9c4cd10d9c6ded214626dd3e12" title="Hide from sub&#45;classes." alt="" coords="689,55,897,83">
<area shape="rect" id="node11" href="$classcontainer_1_1Container.html#94ba04bb7cc9899cb90397fc5a929457" title="container::Container::decCount" alt="" coords="693,106,893,134">
<area shape="rect" id="node13" href="$classcontainer_1_1List.html#49229e27ecb99867d28bf31ee70577a9" title="Called by a template method." alt="" coords="664,157,923,185">
<area shape="rect" id="node22" href="$classcontainer_1_1Stack.html#4f8d96e0415fdfe9e7fc5510cb133586" title="Hide from sub&#45;classes." alt="" coords="704,258,883,286">
<area shape="rect" id="node25" href="$classcontainer_1_1Stack.html#114badb6ce48511483eb7a613eff08a2" title="Called by a template method." alt="" coords="705,309,881,337">
<area shape="rect" id="node29" href="$classcontainer_1_1Stack.html#cf0dd4f69496026d0dbdd72cc4d1f84a" title="Hide from sub&#45;classes." alt="" coords="705,359,881,387">
<area shape="rect" id="node31" href="$classcontainer_1_1Stack.html#99ff20aba0452e05fed1b0c2153950fb" title="Called by a template method." alt="" coords="701,410,885,438">
