<area shape="rect" id="node3" href="$classcontainer__test_1_1List__test.html#13e2792814e2890a1ae4879e2f063e73" title="container_test::List_test::cursorControl" alt="" coords="247,5,492,33">
<area shape="rect" id="node5" href="$classcontainer_1_1StackImpl.html#17a19c3a0de3b62f3f9df6893df885c0" title="Called by a template method." alt="" coords="269,55,469,83">
<area shape="rect" id="node7" href="$classcontainer__test_1_1StackImpl__test.html#096c0f34ae88c7059268202670a2e5ec" title="container_test::StackImpl_test::verifyStackCoherence" alt="" coords="204,106,535,134">
<area shape="rect" id="node9" href="$classcontainer__test_1_1StackImpl__test.html#8c13ed96fdd58e7d0a9d6f1cf88a763a" title="container_test::StackImpl_test::purgeContentsTest" alt="" coords="921,81,1236,109">
<area shape="rect" id="node11" href="$classcontainer__test_1_1StackImpl__test.html#df33fa23c550722fd39d780574fe5e66" title="container_test::StackImpl_test::pushPopTest" alt="" coords="937,143,1220,171">
<area shape="rect" id="node13" href="$classcontainer__test_1_1StackImpl__test.html#8d70fbdfc5df49bd5f9b768c91e3ad92" title="container_test::StackImpl_test::startingEmpty" alt="" coords="584,106,872,134">
