<area shape="rect" id="node3" href="$classcontainer_1_1List.html#32edfa9eebe1a97c093d7ee40d09110d" title="Returns a pointer to the current Entity." alt="" coords="364,5,548,33">
<area shape="rect" id="node5" href="$classcontainer_1_1List.html#9bf759f66d205b119f2686837d2ff161" title="Returns true if the cursor is pointing to first Entity, false otherwise. true is..." alt="" coords="712,258,859,286">
<area shape="rect" id="node7" href="$classcontainer_1_1List.html#3ba3527e2adb48cf742297ae45cdaa73" title="Determine whether the list cursor is pointing to the last Entity." alt="" coords="712,55,859,83">
<area shape="rect" id="node9" href="$classcontainer_1_1List.html#6ba14a4d94774f1df27db0c818194d17" title="Point the cursor to the first Entity in the list." alt="" coords="383,309,529,337">
<area shape="rect" id="node11" href="$classcontainer_1_1List.html#93e127ab49bde91c0cebafcda9378a86" title="Point the cursor to the last Entity in the list." alt="" coords="383,359,529,387">
<area shape="rect" id="node13" href="$classcontainer_1_1List.html#3b952be6b6eabb941542ed7f373a24bd" title="Point the cursor to the next Entity in the list." alt="" coords="381,410,531,438">
<area shape="rect" id="node15" href="$classcontainer_1_1List.html#4e78ea72d5aa41f0049e2613d0096982" title="Point the cursor to the previous Entity in the list." alt="" coords="383,461,529,489">
<area shape="rect" id="node17" href="$classcontainer_1_1List.html#fd7450f6bc57ffb6ec57cdb77aae948f" title="Point the cursor to the tail of the list." alt="" coords="385,511,527,539">
<area shape="rect" id="node19" href="$classcontainer_1_1List__test.html#cb90a599b8a4411453f2e5209b4e11f2" title="container::List_test::verifyEmptyStateCoherence" alt="" coords="307,207,605,235">
<area shape="rect" id="node30" href="$classcontainer_1_1List__test.html#52102b46df98396e24970cc9864dd911" title="container::List_test::verifyNonEmptyStateCoherence_notTail" alt="" coords="272,157,640,185">
<area shape="rect" id="node37" href="$classcontainer_1_1List__test.html#041ef4495bc8208bde7440702e6d3df8" title="container::List_test::verifyNonEmptyStateCoherence_tail" alt="" coords="283,106,629,134">
<area shape="rect" id="node21" href="$classcontainer_1_1Container.html#a408b3870ae6d232ffe3c536510789ee" title="Return the number of objects in this container." alt="" coords="931,182,1128,210">
<area shape="rect" id="node23" href="$classcontainer_1_1Container.html#731522fdda128b8a0f70eec4ebf218f4" title="Return TRUE if the container is empty, FALSE otherwise." alt="" coords="689,207,881,235">
<area shape="rect" id="node28" href="$classcontainer_1_1List.html#a04a82b31d405a86fd8ca0f6a1ad6554" title="Return TRUE if the cursor is pointing to the list tail, FALSE otherwise." alt="" coords="715,106,856,134">
