<area shape="rect" id="node2" href="$classcontainer_1_1OrderedList.html" title="An ADT that represents a list of items." alt="" coords="185,259,335,287">
<area shape="rect" id="node4" href="$classcontainer_1_1List.html" title="Abstract base class for all list containers." alt="" coords="208,179,312,207">
<area shape="rect" id="node16" href="$classcontainer_1_1ArrayList.html" title="A mostly complete array&#45;list implementation of List." alt="" coords="359,259,492,287">
<area shape="rect" id="node6" href="$classcontainer_1_1Container.html" title="Abstract base class for all containers." alt="" coords="5,99,141,127">
<area shape="rect" id="node8" href="$classcontainer_1_1Object.html" title="The root for most classes in the container namespace." alt="" coords="139,6,259,34">
<area shape="rect" id="node10" href="$classcontainer_1_1Object_1_1Info.html" title="Metadata that describes type Object or a descendant there of." alt="" coords="165,99,312,127">
<area shape="rect" id="node19" href="$classcontainer_1_1Entity.html" title="The base class of all items that can be stored in a Container." alt="" coords="431,99,545,127">
