<area shape="rect" id="node3" href="$classcontainer__test_1_1Entity__test.html#a7ad3ce783e2a1c62ea2972c1bfd7b94" title="container_test::Entity_test::assignmentOperatorTestCore" alt="" coords="267,5,619,33">
<area shape="rect" id="node5" href="$classcontainer_1_1SortedArrayList.html#fb155a72746ed1bc77f884646dd8bb48" title="Locate the Entity with the matching key using a binary search algorithm." alt="" coords="315,55,571,83">
<area shape="rect" id="node13" href="$classcontainer__test_1_1Entity__test.html#03344b2431f56714aa55c105c3662b3b" title="container_test::Entity_test::copyConstructorTestCore" alt="" coords="279,106,607,134">
<area shape="rect" id="node15" href="$classcontainer__test_1_1List__test.html#13e2792814e2890a1ae4879e2f063e73" title="container_test::List_test::cursorControl" alt="" coords="320,157,565,185">
<area shape="rect" id="node17" href="$classcontainer__test_1_1SortedList__test.html#c58dc71096f9ba79ce54a9936d0748eb" title="container_test::SortedList_test::insertSorted" alt="" coords="304,207,581,235">
<area shape="rect" id="node19" href="$classcontainer_1_1SortedLinkedList.html#0700fe02190f88f4c4733015df77982a" title="Called by a template method." alt="" coords="299,258,587,286">
<area shape="rect" id="node23" href="$classcontainer_1_1LinkedList.html#5611467963b3bfc0a941c71c1bf3037f" title="Locate the first Entity that matches the specified key." alt="" coords="333,309,552,337">
<area shape="rect" id="node25" href="$classcontainer_1_1ArrayList.html#72b7ff3bbcf068398757aac8d00d5676" title="Locate the first Entity that matches the specified key." alt="" coords="337,359,548,387">
<area shape="rect" id="node27" href="$classcontainer__test_1_1List__test.html#303eb8bc264c87dc84447b6f6d00f34b" title="container_test::List_test::purgeConents" alt="" coords="319,410,567,438">
<area shape="rect" id="node29" href="$namespacecontainer__test.html#ce2ddb632611ad96f9af27be3e719957" title="container_test::TEST_F" alt="" coords="364,461,521,489">
<area shape="rect" id="node7" href="$classcontainer_1_1SortedArrayList.html#dbdeccd93b61b30a67828d587753a906" title="Called by a template method." alt="" coords="668,30,948,58">
<area shape="rect" id="node11" href="$classcontainer_1_1SortedArrayList.html#feb4964cd677ca23318bf6ebb6745def" title="Uses a binary search to locate the Entity object with the given key." alt="" coords="684,81,932,109">
<area shape="rect" id="node9" href="$classcontainer_1_1SortedArrayList.html#ce5122e651d2095aad0cb7f7bda63f7f" title="Called by a template method." alt="" coords="997,30,1229,58">
<area shape="rect" id="node21" href="$classcontainer_1_1SortedLinkedList.html#510dee1d68c91b500656adb71bd68900" title="Called by a template method." alt="" coords="688,258,928,286">
