<area shape="rect" id="node3" href="$classcontainer_1_1List.html#40ba31dacce8673ab7a11df391e5d8e5" title="Add an Entity to the list." alt="" coords="800,55,931,83">
<area shape="rect" id="node7" href="$classcontainer_1_1Container.html#a408b3870ae6d232ffe3c536510789ee" title="Return the number of objects in this container." alt="" coords="1100,106,1297,134">
<area shape="rect" id="node11" href="$classcontainer_1_1Entity.html#fc0e633c981a32ec3e61c7a92f860221" title="container::Entity::compareKeyTo" alt="" coords="353,309,564,337">
<area shape="rect" id="node13" href="$classcontainer_1_1List.html#32edfa9eebe1a97c093d7ee40d09110d" title="Returns a pointer to the current Entity." alt="" coords="367,359,551,387">
<area shape="rect" id="node15" href="$classcontainer_1_1List.html#20570f605dae5bee65fa80f244d79245" title="Remove the current Entity from the list and return a pointer to it." alt="" coords="345,410,572,438">
<area shape="rect" id="node21" href="$classcontainer_1_1List__test.html#1215debd06ebff08be596936bd7acbc6" title="Creates a new test data set." alt="" coords="303,157,615,185">
<area shape="rect" id="node24" href="$classcontainer_1_1List.html#a84995ce539f4fd58ef95731fad717e8" title="container::List::typeInfo" alt="" coords="788,170,943,198">
<area shape="rect" id="node26" href="$classcontainer_1_1List__test.html#dd8dbbf4a3c74b3fa4e610f141cd9bb5" title="container::List_test::verifyNonEmptyStateCoherence_tail" alt="" coords="692,246,1039,274">
<area shape="rect" id="node29" href="$classcontainer_1_1List.html#a04a82b31d405a86fd8ca0f6a1ad6554" title="Return TRUE if the cursor is pointing to the list tail, FALSE otherwise." alt="" coords="388,562,529,590">
<area shape="rect" id="node31" href="$namespacecontainer.html#376d08217a1209fc348a0c671222ce9f" title="container::listFactory" alt="" coords="387,613,531,641">
<area shape="rect" id="node33" href="$classcontainer_1_1List.html#11b95f3377ff781d12b1b2a829ac8c80" title="Empties the contents of the container, deleting all Entities." alt="" coords="361,461,556,489">
<area shape="rect" id="node40" href="$classcontainer_1_1List.html#6ba14a4d94774f1df27db0c818194d17" title="Point the cursor to the first Entity in the list." alt="" coords="792,511,939,539">
<area shape="rect" id="node43" href="$classcontainer_1_1List.html#3b952be6b6eabb941542ed7f373a24bd" title="Point the cursor to the next Entity in the list." alt="" coords="384,663,533,691">
<area shape="rect" id="node45" href="$classcontainer_1_1List.html#4e78ea72d5aa41f0049e2613d0096982" title="Point the cursor to the previous Entity in the list." alt="" coords="385,714,532,742">
<area shape="rect" id="node48" href="$classcontainer_1_1List__test.html#b8d6670712fb26df14751b2c3ca57159" title="container::List_test::verifyEmptyStateCoherence" alt="" coords="309,765,608,793">
<area shape="rect" id="node50" href="$classcontainer_1_1List__test.html#1db43bd713cfaf146b1ccc4c8781f4fc" title="container::List_test::verifyNonEmptyStateCoherence_notTail" alt="" coords="275,815,643,843">
<area shape="rect" id="node5" href="$classcontainer_1_1List.html#97bc5b9e0b6aa8a83f390898af341594" title="container::List::add_impl" alt="" coords="1117,55,1280,83">
<area shape="rect" id="node9" href="$classcontainer_1_1Container.html#4f4f526129e10c80be3415062dbdb39b" title="container::Container::incCount" alt="" coords="1101,5,1296,33">
<area shape="rect" id="node17" href="$classcontainer_1_1Container.html#94ba04bb7cc9899cb90397fc5a929457" title="container::Container::decCount" alt="" coords="1099,385,1299,413">
<area shape="rect" id="node19" href="$classcontainer_1_1List.html#49229e27ecb99867d28bf31ee70577a9" title="container::List::extractCurrentEntity_impl" alt="" coords="736,410,995,438">
<area shape="rect" id="node35" href="$classcontainer_1_1List.html#fbd615ed23e157eb39eece65bfb9320c" title="Remove the current Entity from the list and delete it from memory." alt="" coords="772,461,959,489">
<area shape="rect" id="node38" href="$classcontainer_1_1List.html#a5b4fbf4cf0dc35ddf4a98a9886bcfb8" title="container::List::deleteCurrent_impl" alt="" coords="1089,461,1308,489">
