<area shape="rect" id="node3" href="$classcontainer_1_1List.html#40ba31dacce8673ab7a11df391e5d8e5" title="Add an Entity to the list." alt="" coords="391,55,521,83">
<area shape="rect" id="node11" href="$classcontainer_1_1Entity.html#fc0e633c981a32ec3e61c7a92f860221" title="container::Entity::compareKeyTo" alt="" coords="351,106,561,134">
<area shape="rect" id="node13" href="$classcontainer_1_1List.html#32edfa9eebe1a97c093d7ee40d09110d" title="Returns a pointer to the current Entity." alt="" coords="364,157,548,185">
<area shape="rect" id="node15" href="$classcontainer_1_1Entity.html#de6e328e77aaeda811470ea95daf86ce" title="container::Entity::getKeyAsString" alt="" coords="348,207,564,235">
<area shape="rect" id="node19" href="$classcontainer_1_1List.html#9bf759f66d205b119f2686837d2ff161" title="Returns true if the cursor is pointing to first Entity, false otherwise. true is..." alt="" coords="383,258,529,286">
<area shape="rect" id="node21" href="$classcontainer_1_1List.html#3ba3527e2adb48cf742297ae45cdaa73" title="Determine whether the list cursor is pointing to the last Entity." alt="" coords="383,309,529,337">
<area shape="rect" id="node23" href="$namespacecontainer.html#376d08217a1209fc348a0c671222ce9f" title="container::listFactory" alt="" coords="384,359,528,387">
<area shape="rect" id="node25" href="$classcontainer_1_1List.html#b0f4a65480c3a61e1358a7dfc81b7d14" title="Locates the first Entity that matches the specified key." alt="" coords="367,410,545,438">
<area shape="rect" id="node27" href="$classcontainer_1_1List.html#6ba14a4d94774f1df27db0c818194d17" title="Point the cursor to the first Entity in the list." alt="" coords="383,461,529,489">
<area shape="rect" id="node29" href="$classcontainer_1_1List.html#93e127ab49bde91c0cebafcda9378a86" title="Point the cursor to the last Entity in the list." alt="" coords="383,511,529,539">
<area shape="rect" id="node31" href="$classcontainer_1_1List.html#3b952be6b6eabb941542ed7f373a24bd" title="Point the cursor to the next Entity in the list." alt="" coords="381,562,531,590">
<area shape="rect" id="node33" href="$classcontainer_1_1List.html#4e78ea72d5aa41f0049e2613d0096982" title="Point the cursor to the previous Entity in the list." alt="" coords="383,613,529,641">
<area shape="rect" id="node35" href="$classcontainer_1_1List.html#fd7450f6bc57ffb6ec57cdb77aae948f" title="Point the cursor to the tail of the list." alt="" coords="385,663,527,691">
<area shape="rect" id="node37" href="$classcontainer_1_1List__test.html#b8d6670712fb26df14751b2c3ca57159" title="container::List_test::verifyEmptyStateCoherence" alt="" coords="307,714,605,742">
<area shape="rect" id="node39" href="$classcontainer_1_1List__test.html#1db43bd713cfaf146b1ccc4c8781f4fc" title="container::List_test::verifyNonEmptyStateCoherence_notTail" alt="" coords="272,765,640,793">
<area shape="rect" id="node41" href="$classcontainer_1_1List__test.html#dd8dbbf4a3c74b3fa4e610f141cd9bb5" title="container::List_test::verifyNonEmptyStateCoherence_tail" alt="" coords="283,815,629,843">
<area shape="rect" id="node5" href="$classcontainer_1_1List.html#97bc5b9e0b6aa8a83f390898af341594" title="container::List::add_impl" alt="" coords="705,5,868,33">
<area shape="rect" id="node7" href="$classcontainer_1_1Container.html#a408b3870ae6d232ffe3c536510789ee" title="Return the number of objects in this container." alt="" coords="688,55,885,83">
<area shape="rect" id="node9" href="$classcontainer_1_1Container.html#4f4f526129e10c80be3415062dbdb39b" title="container::Container::incCount" alt="" coords="689,106,884,134">
<area shape="rect" id="node17" href="$namespaceutil.html#dde9c2ca58ba19e13c97034a046f811e" title="Converts an object into a new its string representation." alt="" coords="741,207,832,235">
