<area shape="rect" id="node5" href="$classcontainer_1_1List.html" title="Abstract base class for all list containers." alt="" coords="368,106,472,134">
<area shape="rect" id="node27" href="$classcontainer_1_1Queue.html" title="Abstract base class for all queue containers." alt="" coords="360,207,480,235">
<area shape="rect" id="node31" href="$classcontainer_1_1Stack.html" title="Abstract base class for all stack containers." alt="" coords="363,258,477,286">
<area shape="rect" id="node2" href="$classcontainer_1_1Object.html" title="The root for most classes in the container namespace." alt="" coords="5,207,125,235">
<area shape="rect" id="node7" href="$classcontainer_1_1ArrayList.html" title="A mostly complete array&#45;list implementation of List." alt="" coords="536,157,669,185">
<area shape="rect" id="node13" href="$classcontainer_1_1LinkedList.html" title="A mostly complete linked&#45;list implementation of List." alt="" coords="532,5,673,33">
<area shape="rect" id="node19" href="$classcontainer_1_1OrderedList.html" title="An ADT that represents a list of items." alt="" coords="528,106,677,134">
<area shape="rect" id="node23" href="$classcontainer_1_1SortedList.html" title="Abstract base class for all sorted lists." alt="" coords="532,55,673,83">
<area shape="rect" id="node9" href="$classcontainer_1_1OrderedArrayList.html" title="An array list implementation of OrderedList." alt="" coords="731,157,909,185">
<area shape="rect" id="node11" href="$classcontainer_1_1SortedArrayList.html" title="An array implementation of SortedList." alt="" coords="735,106,905,134">
<area shape="rect" id="node15" href="$classcontainer_1_1OrderedLinkedList.html" title="A linked list implementation of OrderedList." alt="" coords="727,55,913,83">
<area shape="rect" id="node17" href="$classcontainer_1_1SortedLinkedList.html" title="A linked list implementation of SortedList." alt="" coords="731,5,909,33">
<area shape="rect" id="node29" href="$classcontainer_1_1QueueImpl.html" title="An implementation of Queue that based on an OrderedList." alt="" coords="531,207,675,235">
<area shape="rect" id="node33" href="$classcontainer_1_1StackImpl.html" title="An implementation of Stack that based on an OrderedList." alt="" coords="533,258,672,286">
