<area shape="rect" id="node3" href="$classcontainer_1_1List.html#40ba31dacce8673ab7a11df391e5d8e5" title="Add an Entity to the list." alt="" coords="313,1234,444,1262">
<area shape="rect" id="node7" href="$classcontainer__test_1_1List__test.html#9d325466016507bcc7748443e2b00101" title="container_test::List_test::defaultConstructor" alt="" coords="616,525,891,553">
<area shape="rect" id="node9" href="$classcontainer__test_1_1List__test.html#403f76eb6187a02b30b57a6a1474def2" title="container_test::List_test::entityAt" alt="" coords="647,1437,860,1465">
<area shape="rect" id="node13" href="$classcontainer__test_1_1List__test.html#303eb8bc264c87dc84447b6f6d00f34b" title="container_test::List_test::purgeConents" alt="" coords="1051,1184,1299,1212">
<area shape="rect" id="node20" href="$classcontainer_1_1ArrayList.html#cced08d5134bb8f58195911c7e4594e3" title="container::ArrayList::allocateArray" alt="" coords="269,1437,488,1465">
<area shape="rect" id="node22" href="$classcontainer_1_1ArrayList.html#041e697762ec85d7eda64d22cc831bbd" title="Creates an empty list with the default DEFAULT_INITIAL_CAPACITY." alt="" coords="656,1538,851,1566">
<area shape="rect" id="node24" href="$classcontainer_1_1ArrayList.html#df4dd9685b3634c0279f3e14f4ba08c3" title="Open a new gap at index by shifting Enity objects down in the List." alt="" coords="656,1589,851,1617">
<area shape="rect" id="node26" href="$classcontainer_1_1OrderedArrayList.html#0d59705a49acd7da2abfe064afd64574" title="Called by a template method." alt="" coords="1044,1538,1305,1566">
<area shape="rect" id="node34" href="$classcontainer_1_1SortedArrayList.html#fb155a72746ed1bc77f884646dd8bb48" title="Locate the Entity with the matching key using a binary search algorithm." alt="" coords="251,1589,507,1617">
<area shape="rect" id="node39" href="$classcontainer_1_1ArrayList.html#bb7334ccf0bf5b57d4796908ca023821" title="Close the gap at index by shifting Enity objects up in the List." alt="" coords="655,1741,852,1769">
<area shape="rect" id="node41" href="$classcontainer_1_1ArrayList.html#7282242eed54eeee339fda28d204c6ee" title="Helper method; does actual work of the copy constructors." alt="" coords="260,1792,497,1820">
<area shape="rect" id="node46" href="$classcontainer_1_1Queue.html#f1f128af37456d3c344a27ad1660ea91" title="Remove the first Entity from the Queue and return a pointer to the Entity." alt="" coords="291,120,467,148">
<area shape="rect" id="node48" href="$classcontainer__test_1_1QueueImpl__test.html#b60b1bce7e1720d5adba3c5938ba24a3" title="container_test::QueueImpl_test::enqueueDequeueTest" alt="" coords="1397,246,1733,274">
<area shape="rect" id="node50" href="$classcontainer__test_1_1QueueImpl__test.html#56b52e2af2093f6ae41663a9d3391eb4" title="container_test::QueueImpl_test::shallowVersusDeepTest" alt="" coords="1000,170,1349,198">
<area shape="rect" id="node52" href="$classcontainer__test_1_1QueueImpl__test.html#0b6732c0b5d164fd8fc76f3812643c04" title="container_test::QueueImpl_test::verifyEquivalence" alt="" coords="600,170,907,198">
<area shape="rect" id="node55" href="$classcontainer__test_1_1QueueImpl__test.html#ba1adac96f0b953db5135c30279e4625" title="container_test::QueueImpl_test::verifyQueueCoherence" alt="" coords="584,221,923,249">
<area shape="rect" id="node58" href="$classcontainer__test_1_1QueueImpl__test.html#7de2ab3dcaba6ee8070fa7c7453633af" title="container_test::QueueImpl_test::purgeContentsTest" alt="" coords="1405,398,1725,426">
<area shape="rect" id="node61" href="$classcontainer__test_1_1QueueImpl__test.html#a79a080b15ca678147a9d7b8051989bb" title="container_test::QueueImpl_test::startingEmpty" alt="" coords="1029,373,1320,401">
<area shape="rect" id="node67" href="$classcontainer_1_1LinkedList.html#9238140f1dcddba42edbae8b8c94fd43" title="Return a pointer to the Entity found at the specified, zero&#45;based index." alt="" coords="281,1842,476,1870">
<area shape="rect" id="node69" href="$classcontainer__test_1_1SortedList__test.html#c58dc71096f9ba79ce54a9936d0748eb" title="container_test::SortedList_test::insertSorted" alt="" coords="615,1893,892,1921">
<area shape="rect" id="node71" href="$classcontainer_1_1ArrayList.html#c4679633e12959369fadf0d86ac5ed32" title="Return a pointer to the Entity found at the specified, zero&#45;based index." alt="" coords="285,1944,472,1972">
<area shape="rect" id="node73" href="$classcontainer__test_1_1QueueImpl__test.html#5e2a49741370f83256ce706a8f6be92a" title="Copy testData and add copy to q." alt="" coords="596,373,911,401">
<area shape="rect" id="node78" href="$classcontainer_1_1ArrayList.html#4dbcdb30f7ba7ab89ab6fddbdd041b38" title="container::ArrayList::isAtCapacity" alt="" coords="271,1488,487,1516">
<area shape="rect" id="node81" href="$classcontainer_1_1Container.html#731522fdda128b8a0f70eec4ebf218f4" title="Return true if the container is empty, false otherwise." alt="" coords="283,525,475,553">
<area shape="rect" id="node84" href="$classcontainer_1_1ArrayList.html#058823f0fc0d11ef2e04fa17bd6d372c" title="Determine whether the list cursor is pointing to the last Entity." alt="" coords="665,424,841,452">
<area shape="rect" id="node87" href="$classcontainer_1_1ArrayList.html#6f28d6a61c1892ad87821fdddafcf4e2" title="Point the cursor to the last Entity in the list." alt="" coords="664,576,843,604">
<area shape="rect" id="node89" href="$classcontainer__test_1_1List__test.html#b75a7e894691bd422d35491709cdf7ac" title="container_test::List_test::verifyEmptyStateCoherence" alt="" coords="589,626,917,654">
<area shape="rect" id="node92" href="$classcontainer__test_1_1List__test.html#2366587b05dc16937d7d3e7398d41d34" title="container_test::List_test::verifyNonEmptyStateCoherence_notTail" alt="" coords="555,677,952,705">
<area shape="rect" id="node94" href="$classcontainer__test_1_1List__test.html#8a6f498f7471f99638403a50b889941d" title="container_test::List_test::verifyNonEmptyStateCoherence_tail" alt="" coords="565,728,941,756">
<area shape="rect" id="node97" href="$classcontainer__test_1_1StackImpl__test.html#096c0f34ae88c7059268202670a2e5ec" title="container_test::StackImpl_test::verifyStackCoherence" alt="" coords="588,981,919,1009">
<area shape="rect" id="node99" href="$classcontainer__test_1_1StackImpl__test.html#8c13ed96fdd58e7d0a9d6f1cf88a763a" title="container_test::StackImpl_test::purgeContentsTest" alt="" coords="1408,905,1723,933">
<area shape="rect" id="node101" href="$classcontainer__test_1_1StackImpl__test.html#df33fa23c550722fd39d780574fe5e66" title="container_test::StackImpl_test::pushPopTest" alt="" coords="1424,1057,1707,1085">
<area shape="rect" id="node103" href="$classcontainer__test_1_1StackImpl__test.html#8d70fbdfc5df49bd5f9b768c91e3ad92" title="container_test::StackImpl_test::startingEmpty" alt="" coords="1031,930,1319,958">
<area shape="rect" id="node108" href="$classcontainer_1_1ArrayList.html#fc8ebbb73dd888abff5ae6d3cdedb40f" title="Return true if the cursor is pointing to the list tail, false otherwise." alt="" coords="293,1690,464,1718">
<area shape="rect" id="node111" href="$classcontainer_1_1ArrayList.html#36a6e7f765bf1e05f7f6cc9152fea94a" title="Write the state of an Object for debugging and demonstration." alt="" coords="649,1792,857,1820">
<area shape="rect" id="node113" href="$classcontainer_1_1ArrayList.html#72b7ff3bbcf068398757aac8d00d5676" title="Locate the first Entity that matches the specified key." alt="" coords="273,1994,484,2022">
<area shape="rect" id="node116" href="$classcontainer_1_1Stack.html#d63453e13a17b44d88e886541aa3b736" title="Remove the top Entity from the Stack and return a pointer to the Entity." alt="" coords="307,1032,451,1060">
<area shape="rect" id="node124" href="$classcontainer_1_1StackImpl.html#f94291b8cec83de0fd0919c4d52dc96c" title="Write the state of an Object for debugging and demonstration." alt="" coords="271,2045,487,2073">
<area shape="rect" id="node126" href="$classcontainer_1_1QueueImpl.html#8456c6699c7bbb39dd6630e447a2dc40" title="Write the state of an Object for debugging and demonstration." alt="" coords="269,2096,488,2124">
<area shape="rect" id="node132" href="$classcontainer__test_1_1StackImpl__test.html#ebd6c9c554b6f28e90086db91d14ab26" title="Copy testData and add copy to s." alt="" coords="1032,880,1317,908">
<area shape="rect" id="node136" href="$classcontainer_1_1ArrayList.html#5d85a79b8777ce87a9de8a5555d6693e" title="Point the cursor to the tail of the list." alt="" coords="292,2146,465,2174">
<area shape="rect" id="node5" href="$classcontainer__test_1_1List__test.html#13e2792814e2890a1ae4879e2f063e73" title="container_test::List_test::cursorControl" alt="" coords="631,1336,876,1364">
<area shape="rect" id="node11" href="$classcontainer__test_1_1List__test.html#e417b82ba2162d730a8206acf49145c6" title="Creates a new test data set." alt="" coords="583,1184,924,1212">
<area shape="rect" id="node15" href="$classcontainer__test_1_1List__test.html#299a3fbbc3baff8d44dce5fcd42aa73f" title="container_test::List_test::locateEntity" alt="" coords="635,1234,872,1262">
<area shape="rect" id="node18" href="$classcontainer__test_1_1SortedList__test.html#648bfdbed211aa8f166303e0b528bbf0" title="container_test::SortedList_test::SortedList_test" alt="" coords="605,1285,901,1313">
<area shape="rect" id="node30" href="$classcontainer_1_1SortedArrayList.html#dbdeccd93b61b30a67828d587753a906" title="Called by a template method." alt="" coords="1035,1614,1315,1642">
<area shape="rect" id="node28" href="$classcontainer_1_1OrderedArrayList.html#0284a13b31d9edf1acd8f0ba0fc05223" title="Called by a template method." alt="" coords="1445,1538,1685,1566">
<area shape="rect" id="node37" href="$classcontainer_1_1SortedArrayList.html#feb4964cd677ca23318bf6ebb6745def" title="Uses a binary search to locate the Entity object with the given key." alt="" coords="629,1690,877,1718">
<area shape="rect" id="node43" href="$classcontainer_1_1ArrayList.html#156258fb8adada753e920afc9185196b" title="Create a shallow copy of the pattern list." alt="" coords="656,1842,851,1870">
