<area shape="rect" id="node3" href="$classcontainer_1_1ArrayList.html#041e697762ec85d7eda64d22cc831bbd" title="Creates an empty list with the default DEFAULT_INITIAL_CAPACITY." alt="" coords="272,5,467,33">
<area shape="rect" id="node5" href="$classcontainer_1_1ArrayList.html#df4dd9685b3634c0279f3e14f4ba08c3" title="Open a new gap at index by shifting Enity objects down in the List." alt="" coords="272,55,467,83">
<area shape="rect" id="node7" href="$classcontainer_1_1OrderedArrayList.html#0d59705a49acd7da2abfe064afd64574" title="Called by a template method." alt="" coords="528,5,789,33">
<area shape="rect" id="node11" href="$classcontainer_1_1OrderedArrayList.html#85994dfa33f71808d636a85cd606d2fb" title="Called by a template method." alt="" coords="515,55,803,83">
<area shape="rect" id="node13" href="$classcontainer_1_1SortedArrayList.html#dbdeccd93b61b30a67828d587753a906" title="Called by a template method." alt="" coords="519,106,799,134">
<area shape="rect" id="node9" href="$classcontainer_1_1OrderedArrayList.html#0284a13b31d9edf1acd8f0ba0fc05223" title="Called by a template method." alt="" coords="851,5,1091,33">
<area shape="rect" id="node15" href="$classcontainer_1_1SortedArrayList.html#ce5122e651d2095aad0cb7f7bda63f7f" title="Called by a template method." alt="" coords="855,106,1087,134">
