<area shape="rect" id="node3" href="$namespacecontainer.html#42493e3f63f238f64a301a213813e868" title="container::TEST_F" alt="" coords="399,5,527,33">
<area shape="rect" id="node5" href="$classcontainer_1_1LinkedList.html#ae7242c0f702a91e2aff60733622afd6" title="container::LinkedList::toLast" alt="" coords="371,55,555,83">
<area shape="rect" id="node9" href="$classcontainer_1_1LinkedList__test.html#363ee4664bf2a2094b946629d2d92c0c" title="container::LinkedList_test::verifyEmptyStateCoherence" alt="" coords="293,106,632,134">
<area shape="rect" id="node11" href="$classcontainer_1_1LinkedList__test.html#38e904abb6d357791e5d4e24421882f1" title="container::LinkedList_test::verifyNonEmptyStateCoherence_notTail" alt="" coords="260,157,665,185">
<area shape="rect" id="node13" href="$classcontainer_1_1LinkedList__test.html#89dcd4d3e0d92a9c3ed4df13a821165d" title="container::LinkedList_test::verifyNonEmptyStateCoherence_tail" alt="" coords="271,207,655,235">
<area shape="rect" id="node7" href="$namespacecontainer.html#db8168413c6bcec3fdec887a42477a6f" title="container::TEST_F" alt="" coords="827,55,955,83">
<area shape="rect" id="node15" href="$classcontainer_1_1LinkedList__test.html#6d9b3899ba601178ea2e803c37008e91" title="Creates a new test data set." alt="" coords="716,207,1065,235">
