<area shape="rect" id="node3" href="$classcontainer_1_1List.html#fbd615ed23e157eb39eece65bfb9320c" title="Remove the current Entity from the list and delete it from memory." alt="" coords="275,106,461,134">
<area shape="rect" id="node17" href="$classcontainer_1_1List.html#20570f605dae5bee65fa80f244d79245" title="Remove the current Entity from the list and return a pointer to it." alt="" coords="255,258,481,286">
<area shape="rect" id="node5" href="$classcontainer__test_1_1SortedList__test.html#41f06ea2b9f0f6334e5de1ec9ceb2154" title="container_test::SortedList_test::insertingAndRemoving" alt="" coords="535,131,871,159">
<area shape="rect" id="node7" href="$classcontainer__test_1_1OrderedList__test.html#12530b7833490527d001cb8faf29c319" title="container_test::OrderedList_test::insertingAndRemoving" alt="" coords="531,81,875,109">
<area shape="rect" id="node9" href="$classcontainer_1_1List.html#11b95f3377ff781d12b1b2a829ac8c80" title="Empty the contents of the container, deleting all Entities." alt="" coords="605,30,800,58">
<area shape="rect" id="node11" href="$classcontainer__test_1_1List__test.html#303eb8bc264c87dc84447b6f6d00f34b" title="container_test::List_test::purgeConents" alt="" coords="973,106,1221,134">
<area shape="rect" id="node13" href="$classcontainer_1_1ArrayList.html#34a663e17d99dfaacffe577fea3320a0" title="Free all memory associated with this list." alt="" coords="996,5,1199,33">
<area shape="rect" id="node15" href="$classcontainer_1_1LinkedList.html#8545bd0545af7a5692f8f84a3d3d6f18" title="Free all memory associated with this list." alt="" coords="989,55,1205,83">
<area shape="rect" id="node19" href="$classcontainer_1_1QueueImpl.html#03d231fe97bb3ca8d739b4ee67ebff07" title="Called by a template method." alt="" coords="587,334,819,362">
<area shape="rect" id="node23" href="$classcontainer__test_1_1SortedList__test.html#c58dc71096f9ba79ce54a9936d0748eb" title="container_test::SortedList_test::insertSorted" alt="" coords="564,385,841,413">
<area shape="rect" id="node25" href="$classcontainer_1_1StackImpl.html#17a19c3a0de3b62f3f9df6893df885c0" title="Called by a template method." alt="" coords="603,435,803,463">
<area shape="rect" id="node28" href="$classcontainer__test_1_1QueueImpl__test.html#ba1adac96f0b953db5135c30279e4625" title="container_test::QueueImpl_test::verifyQueueCoherence" alt="" coords="533,233,872,261">
<area shape="rect" id="node40" href="$classcontainer__test_1_1StackImpl__test.html#096c0f34ae88c7059268202670a2e5ec" title="container_test::StackImpl_test::verifyStackCoherence" alt="" coords="537,486,868,514">
<area shape="rect" id="node50" href="$classcontainer__test_1_1SortedList__test.html#549170021d286d756fbe413d103956a1" title="container_test::SortedList_test::~SortedList_test" alt="" coords="551,283,855,311">
<area shape="rect" id="node30" href="$classcontainer__test_1_1QueueImpl__test.html#b60b1bce7e1720d5adba3c5938ba24a3" title="container_test::QueueImpl_test::enqueueDequeueTest" alt="" coords="1320,283,1656,311">
<area shape="rect" id="node32" href="$classcontainer__test_1_1QueueImpl__test.html#7de2ab3dcaba6ee8070fa7c7453633af" title="container_test::QueueImpl_test::purgeContentsTest" alt="" coords="1328,182,1648,210">
<area shape="rect" id="node34" href="$classcontainer__test_1_1QueueImpl__test.html#56b52e2af2093f6ae41663a9d3391eb4" title="container_test::QueueImpl_test::shallowVersusDeepTest" alt="" coords="923,207,1272,235">
<area shape="rect" id="node36" href="$classcontainer__test_1_1QueueImpl__test.html#a79a080b15ca678147a9d7b8051989bb" title="container_test::QueueImpl_test::startingEmpty" alt="" coords="952,258,1243,286">
<area shape="rect" id="node42" href="$classcontainer__test_1_1StackImpl__test.html#8c13ed96fdd58e7d0a9d6f1cf88a763a" title="container_test::StackImpl_test::purgeContentsTest" alt="" coords="1331,525,1645,553">
<area shape="rect" id="node44" href="$classcontainer__test_1_1StackImpl__test.html#df33fa23c550722fd39d780574fe5e66" title="container_test::StackImpl_test::pushPopTest" alt="" coords="1347,449,1629,477">
<area shape="rect" id="node46" href="$classcontainer__test_1_1StackImpl__test.html#8d70fbdfc5df49bd5f9b768c91e3ad92" title="container_test::StackImpl_test::startingEmpty" alt="" coords="953,486,1241,514">
