<area shape="rect" id="node3" href="$classcontainer_1_1Queue.html#c8f19a8dd6bede46d001ea504ae7856f" title="Add an Entity onto the end of the Queue." alt="" coords="236,119,412,147">
<area shape="rect" id="node5" href="$classcontainer__test_1_1QueueImpl__test.html#b60b1bce7e1720d5adba3c5938ba24a3" title="container_test::QueueImpl_test::enqueueDequeueTest" alt="" coords="1248,17,1584,45">
<area shape="rect" id="node7" href="$classcontainer__test_1_1QueueImpl__test.html#5e2a49741370f83256ce706a8f6be92a" title="Copy testData and add copy to q." alt="" coords="475,220,789,248">
<area shape="rect" id="node13" href="$namespacecontainer__test.html#6586898626e52cb97af6fa1513c2d93b" title="container_test::TEST_F" alt="" coords="553,119,711,147">
<area shape="rect" id="node15" href="$classcontainer__test_1_1QueueImpl__test.html#0b6732c0b5d164fd8fc76f3812643c04" title="container_test::QueueImpl_test::verifyEquivalence" alt="" coords="479,169,785,197">
<area shape="rect" id="node18" href="$classcontainer__test_1_1QueueImpl__test.html#ba1adac96f0b953db5135c30279e4625" title="container_test::QueueImpl_test::verifyQueueCoherence" alt="" coords="463,68,801,96">
<area shape="rect" id="node9" href="$classcontainer__test_1_1QueueImpl__test.html#7de2ab3dcaba6ee8070fa7c7453633af" title="container_test::QueueImpl_test::purgeContentsTest" alt="" coords="1256,119,1576,147">
<area shape="rect" id="node11" href="$classcontainer__test_1_1QueueImpl__test.html#56b52e2af2093f6ae41663a9d3391eb4" title="container_test::QueueImpl_test::shallowVersusDeepTest" alt="" coords="851,169,1200,197">
<area shape="rect" id="node23" href="$classcontainer__test_1_1QueueImpl__test.html#a79a080b15ca678147a9d7b8051989bb" title="container_test::QueueImpl_test::startingEmpty" alt="" coords="880,68,1171,96">
