<area shape="rect" id="node3" href="$classcontainer_1_1Entity.html#fc0e633c981a32ec3e61c7a92f860221" title="Compare this Entity with second." alt="" coords="413,5,624,33">
<area shape="rect" id="node5" href="$classcontainer_1_1List.html#32edfa9eebe1a97c093d7ee40d09110d" title="Return a pointer to the current Entity." alt="" coords="427,55,611,83">
<area shape="rect" id="node7" href="$classcontainer_1_1LinkedList.html#40da2157f2a1f1ae3c6fab71c9ce0a86" title="Return a pointer to the current Entity." alt="" coords="407,106,631,134">
<area shape="rect" id="node9" href="$classcontainer_1_1LinkedList.html#7242dc0f966d50ffdc4084e9e52d8e95" title="Return true if the cursor is pointing to the list tail, false otherwise." alt="" coords="795,131,973,159">
<area shape="rect" id="node11" href="$classcontainer_1_1List.html#897fccd47e24d336fab5f414bba2bfe3" title="Return a pointer to the Entity found at the specified, zero&#45;based index." alt="" coords="441,207,596,235">
<area shape="rect" id="node13" href="$classcontainer_1_1LinkedList.html#9238140f1dcddba42edbae8b8c94fd43" title="Return a pointer to the Entity found at the specified, zero&#45;based index." alt="" coords="421,309,616,337">
<area shape="rect" id="node15" href="$classcontainer_1_1Container.html#a408b3870ae6d232ffe3c536510789ee" title="Return the number of Entity objects in this container." alt="" coords="785,233,983,261">
<area shape="rect" id="node19" href="$classcontainer_1_1List.html#20570f605dae5bee65fa80f244d79245" title="Remove the current Entity from the list and return a pointer to it." alt="" coords="405,359,632,387">
<area shape="rect" id="node26" href="$classcontainer_1_1Entity.html#42132a47e1d764ba0cb8e60946659bae" title="Return an Entity object&#39;s key in a string representation." alt="" coords="411,410,627,438">
<area shape="rect" id="node32" href="$classcontainer_1_1SortedList.html#d2681908f5b4828bdb90e2a644ec8bf3" title="Insert an Entity into the List maintaining a sorted order." alt="" coords="409,461,628,489">
<area shape="rect" id="node38" href="$classcontainer_1_1List.html#a04a82b31d405a86fd8ca0f6a1ad6554" title="Return true if the cursor is pointing to the list tail, false otherwise." alt="" coords="448,511,589,539">
<area shape="rect" id="node41" href="$classcontainer_1_1List.html#04c43a9496e5b1fdb309657c94769dfe" title="Locate the first Entity that matches the specified key." alt="" coords="429,562,608,590">
<area shape="rect" id="node43" href="$namespacecontainer__test.html#2839b11205f4b84d0f8889f8c3d57fa9" title="Create one of the known concrete classes derived from container::SortedList." alt="" coords="413,613,624,641">
<area shape="rect" id="node45" href="$classcontainer_1_1List.html#6ba14a4d94774f1df27db0c818194d17" title="Point the cursor to the first Entity in the list." alt="" coords="445,663,592,691">
<area shape="rect" id="node47" href="$classcontainer_1_1LinkedList.html#962695c83853e91923e0f2379f0272fc" title="Point the cursor to the first Entity in the list." alt="" coords="425,714,612,742">
<area shape="rect" id="node49" href="$classcontainer_1_1List.html#3b952be6b6eabb941542ed7f373a24bd" title="Point the cursor to the next Entity in the list." alt="" coords="444,765,593,793">
<area shape="rect" id="node51" href="$classcontainer_1_1LinkedList.html#2130604a96b263bc18ec2d219f608623" title="container::LinkedList::toNext" alt="" coords="425,815,612,843">
<area shape="rect" id="node53" href="$classcontainer__test_1_1List__test.html#b9ebbf5eea32eb9eb12ee69086a48c57" title="container_test::List_test::verifyNonEmptyStateCoherence_tail" alt="" coords="331,866,707,894">
<area shape="rect" id="node17" href="$classcontainer_1_1LinkedList.html#b005fdd17eca2b7039a16a7c51d2048a" title="Point the cursor to the next Entity in the list." alt="" coords="791,283,977,311">
<area shape="rect" id="node21" href="$classcontainer_1_1Container.html#94ba04bb7cc9899cb90397fc5a929457" title="container::Container::decCount" alt="" coords="784,334,984,362">
<area shape="rect" id="node23" href="$classcontainer_1_1List.html#49229e27ecb99867d28bf31ee70577a9" title="Called by a template method." alt="" coords="755,385,1013,413">
<area shape="rect" id="node28" href="$classcontainer_1_1Entity.html#f85b65b0d701788d463eeee39a4ff1f7" title="container::Entity::generateKeyAsString" alt="" coords="760,435,1008,463">
<area shape="rect" id="node30" href="$namespaceutil.html#dde9c2ca58ba19e13c97034a046f811e" title="Converts an object into a new its string representation." alt="" coords="1063,435,1153,463">
<area shape="rect" id="node34" href="$classcontainer_1_1SortedList.html#ee8581978232f76499639b003cf743f5" title="Hide from sub&#45;classes." alt="" coords="784,486,984,514">
<area shape="rect" id="node36" href="$classcontainer_1_1SortedList.html#4dd59eb6126ce4f9df0b778d4fc705c9" title="Called by a template method." alt="" coords="759,537,1009,565">
