<area shape="rect" id="node3" href="$classcontainer_1_1List.html#40ba31dacce8673ab7a11df391e5d8e5" title="Add an Entity to the list." alt="" coords="416,67,547,95">
<area shape="rect" id="node11" href="$classcontainer_1_1Entity.html#42132a47e1d764ba0cb8e60946659bae" title="Return an Entity object&#39;s key in a string representation." alt="" coords="373,143,589,171">
<area shape="rect" id="node17" href="$namespacecontainer__test.html#7b1a54c1a1eae53e0b9b67c6ca4b6b38" title="container_test::listFactory" alt="" coords="396,194,567,222">
<area shape="rect" id="node19" href="$classcontainer_1_1List.html#b0f4a65480c3a61e1358a7dfc81b7d14" title="Locate the first Entity that matches the specified key." alt="" coords="392,245,571,273">
<area shape="rect" id="node21" href="$classcontainer_1_1List.html#a84995ce539f4fd58ef95731fad717e8" title="Return the instance of Object::Info that describes the class of this object." alt="" coords="404,295,559,323">
<area shape="rect" id="node23" href="$classcontainer__test_1_1List__test.html#528886f68547b3149410909d79725b07" title="container_test::List_test::verifyEmptyStateCoherence" alt="" coords="317,346,645,374">
<area shape="rect" id="node25" href="$classcontainer__test_1_1List__test.html#b9ebbf5eea32eb9eb12ee69086a48c57" title="container_test::List_test::verifyNonEmptyStateCoherence_tail" alt="" coords="293,397,669,425">
<area shape="rect" id="node5" href="$classcontainer_1_1List.html#97bc5b9e0b6aa8a83f390898af341594" title="Called by a template method." alt="" coords="760,5,923,33">
<area shape="rect" id="node7" href="$classcontainer_1_1Container.html#a408b3870ae6d232ffe3c536510789ee" title="Return the number of Entity objects in this container." alt="" coords="743,55,940,83">
<area shape="rect" id="node9" href="$classcontainer_1_1Container.html#4f4f526129e10c80be3415062dbdb39b" title="container::Container::incCount" alt="" coords="744,106,939,134">
<area shape="rect" id="node13" href="$classcontainer_1_1Entity.html#f85b65b0d701788d463eeee39a4ff1f7" title="container::Entity::generateKeyAsString" alt="" coords="717,157,965,185">
<area shape="rect" id="node15" href="$namespaceutil.html#dde9c2ca58ba19e13c97034a046f811e" title="Converts an object into a new its string representation." alt="" coords="1015,157,1105,185">
