<area shape="rect" id="node3" href="$classcontainer_1_1Container.html" title="Abstract base class for all containers." alt="" coords="180,233,316,261">
<area shape="rect" id="node35" href="$classcontainer_1_1Entity.html" title="The base class of all items that can be stored in a Container." alt="" coords="191,295,305,323">
<area shape="rect" id="node39" href="$classcontainer_1_1Object_1_1Info.html" title="Metadata that describes type Object or a descendant there of." alt="" coords="175,346,321,374">
<area shape="rect" id="node5" href="$classcontainer_1_1List.html" title="Abstract base class for all list containers." alt="" coords="395,106,499,134">
<area shape="rect" id="node27" href="$classcontainer_1_1Queue.html" title="Abstract base class for all queue containers." alt="" coords="387,207,507,235">
<area shape="rect" id="node31" href="$classcontainer_1_1Stack.html" title="Abstract base class for all stack containers." alt="" coords="389,258,504,286">
<area shape="rect" id="node7" href="$classcontainer_1_1ArrayList.html" title="A mostly complete array&#45;list implementation of List." alt="" coords="579,157,712,185">
<area shape="rect" id="node13" href="$classcontainer_1_1LinkedList.html" title="A mostly complete linked&#45;list implementation of List." alt="" coords="575,5,716,33">
<area shape="rect" id="node19" href="$classcontainer_1_1OrderedList.html" title="An ADT that represents a list of items." alt="" coords="571,106,720,134">
<area shape="rect" id="node23" href="$classcontainer_1_1SortedList.html" title="Abstract base class for all sorted lists." alt="" coords="575,55,716,83">
<area shape="rect" id="node9" href="$classcontainer_1_1OrderedArrayList.html" title="An array list implementation of OrderedList." alt="" coords="773,157,952,185">
<area shape="rect" id="node11" href="$classcontainer_1_1SortedArrayList.html" title="An array implementation of SortedList." alt="" coords="777,106,948,134">
<area shape="rect" id="node15" href="$classcontainer_1_1OrderedLinkedList.html" title="A linked list implementation of OrderedList." alt="" coords="769,55,956,83">
<area shape="rect" id="node17" href="$classcontainer_1_1SortedLinkedList.html" title="A linked list implementation of SortedList." alt="" coords="773,5,952,33">
<area shape="rect" id="node29" href="$classcontainer_1_1QueueImpl.html" title="An implementation of Queue that based on an OrderedList." alt="" coords="573,207,717,235">
<area shape="rect" id="node33" href="$classcontainer_1_1StackImpl.html" title="An implementation of Stack that based on an OrderedList." alt="" coords="576,258,715,286">
<area shape="rect" id="node37" href="$classcontainer__test_1_1Person.html" title="A type of Entity that represents a person." alt="" coords="371,309,523,337">
