<area shape="rect" id="node3" href="$classcontainer_1_1List.html#40ba31dacce8673ab7a11df391e5d8e5" title="Add an Entity to the list." alt="" coords="475,55,605,83">
<area shape="rect" id="node11" href="$classcontainer_1_1List.html#a84995ce539f4fd58ef95731fad717e8" title="container::List::typeInfo" alt="" coords="463,106,617,134">
<area shape="rect" id="node13" href="$classcontainer_1_1List__test.html#dd8dbbf4a3c74b3fa4e610f141cd9bb5" title="container::List_test::verifyNonEmptyStateCoherence_tail" alt="" coords="367,157,713,185">
<area shape="rect" id="node5" href="$classcontainer_1_1List.html#97bc5b9e0b6aa8a83f390898af341594" title="container::List::add_impl" alt="" coords="780,5,943,33">
<area shape="rect" id="node7" href="$classcontainer_1_1Container.html#a408b3870ae6d232ffe3c536510789ee" title="Return the number of objects in this container." alt="" coords="763,55,960,83">
<area shape="rect" id="node9" href="$classcontainer_1_1Container.html#4f4f526129e10c80be3415062dbdb39b" title="container::Container::incCount" alt="" coords="764,106,959,134">
