<area shape="rect" id="node3" href="$classcontainer_1_1Object.html#44d428eaca521555d57ba6967dc00995" title="Write the state of an Object for debugging and demonstration." alt="" coords="295,5,489,33">
<area shape="rect" id="node5" href="$classcontainer_1_1Container.html#01b555924797ba97156d3030d253da23" title="Write the state of an Object for debugging and demonstration." alt="" coords="287,55,497,83">
<area shape="rect" id="node7" href="$classcontainer_1_1List.html#a27740b8446392e106f1841bd5631e38" title="Write the state of an Object for debugging and demonstration." alt="" coords="547,55,725,83">
<area shape="rect" id="node9" href="$classcontainer_1_1LinkedList.html#a7102a731cfd2c1057fcb235a0d56a4f" title="Write the state of an Object for debugging and demonstration." alt="" coords="773,55,989,83">
<area shape="rect" id="node11" href="$classcontainer_1_1OrderedLinkedList.html#7126d13c00f0a7b1fae4cfe1cec4d5d1" title="Write the state of an Object for debugging and demonstration." alt="" coords="1039,55,1300,83">
