<area shape="rect" id="node3" href="$classcontainer_1_1Queue.html#f1f128af37456d3c344a27ad1660ea91" title="Remove the first Entity from the Queue and return a pointer to the Entity." alt="" coords="395,55,571,83">
<area shape="rect" id="node9" href="$classcontainer_1_1Container.html#a408b3870ae6d232ffe3c536510789ee" title="Return the number of Entity objects in this container." alt="" coords="677,106,875,134">
<area shape="rect" id="node11" href="$classcontainer_1_1Queue.html#c8f19a8dd6bede46d001ea504ae7856f" title="Add an Entity onto the end of the Queue." alt="" coords="395,258,571,286">
<area shape="rect" id="node18" href="$classcontainer__test_1_1Person.html#b66ce5873d60015b406041b14f1219cb" title="container_test::Person::getFirstName" alt="" coords="364,207,601,235">
<area shape="rect" id="node20" href="$classcontainer_1_1Container.html#731522fdda128b8a0f70eec4ebf218f4" title="Return true if the container is empty, false otherwise." alt="" coords="387,106,579,134">
<area shape="rect" id="node23" href="$classcontainer__test_1_1Person.html#9d7698c847e713bc54d2f0e36005f88a" title="container_test::Person::setFirstName" alt="" coords="364,309,601,337">
<area shape="rect" id="node27" href="$classcontainer_1_1Queue.html#1cabf3ed448ff80fe4a49e34ba1e1c28" title="Return the instance of Object::Info that describes the class of this object." alt="" coords="396,359,569,387">
<area shape="rect" id="node5" href="$classcontainer_1_1Queue.html#706f5e4478ddc9a389d5ea7c10ff6e41" title="Hide from sub&#45;classes." alt="" coords="684,5,868,33">
<area shape="rect" id="node7" href="$classcontainer_1_1Queue.html#9aba01b891e9859093438de7fb75fdc5" title="Called by a template method." alt="" coords="672,55,880,83">
<area shape="rect" id="node13" href="$classcontainer_1_1Queue.html#af5fa0f3a275e76ea2e7067e247fcecc" title="Called by a template method." alt="" coords="672,207,880,235">
<area shape="rect" id="node15" href="$classcontainer_1_1Queue.html#7193c6349e0b90ed88f8d57080bdc845" title="Hide from sub&#45;classes." alt="" coords="687,258,865,286">
<area shape="rect" id="node25" href="$classcontainer_1_1Entity.html#d506b31a1084d048229fd32869cd863b" title="container::Entity::invalidateKeyAsString" alt="" coords="651,309,901,337">
