<area shape="rect" id="node3" href="$container_8h.html" title="Header file for class container::Container." alt="" coords="1101,83,1187,111">
<area shape="rect" id="node104" href="$entity_8cpp.html" title="Definitions for class container::Entity." alt="" coords="1375,83,1452,111">
<area shape="rect" id="node106" href="$entity__test_8cpp.html" title="Definitions for class container_test::Entity_test." alt="" coords="1476,83,1583,111">
<area shape="rect" id="node108" href="$person_8h.html" title="Header file for class container_test::Person." alt="" coords="1301,315,1373,343">
<area shape="rect" id="node5" href="$list_8h.html" title="Header file for class container::List." alt="" coords="599,161,647,189">
<area shape="rect" id="node92" href="$container_8cpp.html" title="Definitions for class container::Container." alt="" coords="1201,161,1300,189">
<area shape="rect" id="node94" href="$queue_8h.html" title="Header file for class container::Queue." alt="" coords="1111,161,1177,189">
<area shape="rect" id="node99" href="$stack_8h.html" title="Header file for class container::Stack." alt="" coords="1015,161,1079,189">
<area shape="rect" id="node7" href="$arraylist_8h.html" title="Header file for for class container::ArrayList." alt="" coords="352,238,429,266">
<area shape="rect" id="node54" href="$linkedlist_8h.html" title="Header file for for classes container::LinkedList and container::LinkedList::Node..." alt="" coords="532,238,615,266">
<area shape="rect" id="node70" href="$list_8cpp.html" title="Definitions for class container::List." alt="" coords="639,238,703,266">
<area shape="rect" id="node72" href="$orderedlist_8h.html" title="Header file for class container::OrderedList." alt="" coords="825,238,916,266">
<area shape="rect" id="node86" href="$sortedlist_8h.html" title="Header file for class container::SortedList." alt="" coords="192,238,277,266">
<area shape="rect" id="node9" href="$arraylist_8cpp.html" title="Definition for class container::ArrayList." alt="" coords="267,315,357,343">
<area shape="rect" id="node11" href="$orderedarraylist_8h.html" title="Header file for class container::OrderedArrayList." alt="" coords="795,315,915,343">
<area shape="rect" id="node49" href="$sortedarraylist_8h.html" title="Header file for class container::SortedArrayList." alt="" coords="128,315,243,343">
<area shape="rect" id="node13" href="$orderedarraylist_8cpp.html" title="Definitions for class container::OrderedArrayList." alt="" coords="925,393,1061,421">
<area shape="rect" id="node15" href="$queueimpl_8cpp.html" title="Definitions for class container::QueueImpl." alt="" coords="797,393,901,421">
<area shape="rect" id="node17" href="$stackimpl_8cpp.html" title="Definitions for class container::StackImpl." alt="" coords="672,393,773,421">
<area shape="rect" id="node19" href="$test__util_8h.html" title="Utility functions for testing containers. Part of namespace container_test." alt="" coords="408,393,485,421">
<area shape="rect" id="node45" href="$queueimpl__test_8cpp.html" title="Definitions for class container_test::QueueImpl_test." alt="" coords="1240,393,1373,421">
<area shape="rect" id="node47" href="$stackimpl__test_8cpp.html" title="Definitions for class container_test::StackImpl_test." alt="" coords="1085,393,1216,421">
<area shape="rect" id="node21" href="$list__test_8h.html" title="Header file for class container_test::List_test." alt="" coords="747,470,824,498">
<area shape="rect" id="node43" href="$test__util_8cpp.html" title="Definitions for unit&#45;testing utility functions. Part of namespace container_test..." alt="" coords="401,470,492,498">
<area shape="rect" id="node23" href="$list__test_8cpp.html" title="Definitions for class container_test::List_test." alt="" coords="804,547,895,575">
<area shape="rect" id="node25" href="$orderedlist__test_8h.html" title="Header file for class container_test::OrderedList_test." alt="" coords="660,547,780,575">
<area shape="rect" id="node35" href="$sortedlist__test_8h.html" title="Header file for class container_test::SortedList_test." alt="" coords="1269,547,1384,575">
<area shape="rect" id="node27" href="$orderedarraylist__test_8cpp.html" title="Definitions for class container_test::OrderedArrayList_test." alt="" coords="456,625,619,653">
<area shape="rect" id="node29" href="$orderedlinkedlist__test_8h.html" title="Header file for class container_test::OrderedList_test." alt="" coords="643,625,797,653">
<area shape="rect" id="node33" href="$orderedlist__test_8cpp.html" title="Definitions for class container_test::OrderedList_test." alt="" coords="821,625,957,653">
<area shape="rect" id="node31" href="$orderedlinkedlist__test_8cpp.html" title="Definitions for class container_test::OrderedLinkedList_test." alt="" coords="636,702,804,730">
<area shape="rect" id="node37" href="$sortedarraylist__test_8cpp.html" title="Definitions for class container_test::SortedArrayList_test." alt="" coords="1064,625,1221,653">
<area shape="rect" id="node39" href="$sortedlinkedlist__test_8cpp.html" title="Definitions for class container_test::SortedLinkedList_test." alt="" coords="1245,625,1408,653">
<area shape="rect" id="node41" href="$sortedlist__test_8cpp.html" title="Definitions for class container_test::SortedList_test." alt="" coords="1432,625,1560,653">
<area shape="rect" id="node51" href="$sortedarraylist_8cpp.html" title="Definitions for class container::SortedArrayList." alt="" coords="99,393,227,421">
<area shape="rect" id="node56" href="$linkedlist_8cpp.html" title="Definitions for classes container::LinkedList and container::LinkedList::Node." alt="" coords="525,315,621,343">
<area shape="rect" id="node58" href="$orderedlinkedlist_8h.html" title="Header file for class container::OrderedLinkedList." alt="" coords="645,315,771,343">
<area shape="rect" id="node65" href="$sortedlinkedlist_8h.html" title="Header file for class container::SortedLinkedList." alt="" coords="381,315,501,343">
<area shape="rect" id="node60" href="$orderedlinkedlist_8cpp.html" title="Definitions for class container::OrderedLinkedList." alt="" coords="509,393,648,421">
<area shape="rect" id="node67" href="$sortedlinkedlist_8cpp.html" title="Definitions for class container::SortedLinkedList." alt="" coords="251,393,384,421">
<area shape="rect" id="node76" href="$orderedlist_8cpp.html" title="Definitions for class container::OrderedList." alt="" coords="939,315,1045,343">
<area shape="rect" id="node78" href="$queueimpl_8h.html" title="Header file for class container::QueueImpl." alt="" coords="1181,315,1272,343">
<area shape="rect" id="node82" href="$stackimpl_8h.html" title="Header file for class container::StackImpl." alt="" coords="1069,315,1157,343">
<area shape="rect" id="node90" href="$sortedlist_8cpp.html" title="Definitions for class container::SortedList." alt="" coords="5,315,104,343">
<area shape="rect" id="node96" href="$queue_8cpp.html" title="Definitions for class container::Queue." alt="" coords="1109,238,1189,266">
<area shape="rect" id="node101" href="$stack_8cpp.html" title="Definitions for class container::Stack." alt="" coords="1008,238,1085,266">
<area shape="rect" id="node110" href="$person_8cpp.html" title="Definitions for class container_test::Person." alt="" coords="1448,393,1533,421">
