<area shape="rect" id="node3" href="$list__test_8cpp.html" title="Definitions for class container_test::List_test." alt="" coords="179,83,269,111">
<area shape="rect" id="node5" href="$orderedlist__test_8h.html" title="Header file for class container_test::OrderedList_test." alt="" coords="293,83,413,111">
<area shape="rect" id="node15" href="$sortedlist__test_8h.html" title="Header file for class container_test::SortedList_test." alt="" coords="644,83,759,111">
<area shape="rect" id="node7" href="$orderedarraylist__test_8cpp.html" title="Definitions for class container_test::OrderedArrayList_test." alt="" coords="5,161,168,189">
<area shape="rect" id="node9" href="$orderedlinkedlist__test_8h.html" title="Header file for class container_test::OrderedList_test." alt="" coords="192,161,347,189">
<area shape="rect" id="node13" href="$orderedlist__test_8cpp.html" title="Definitions for class container_test::OrderedList_test." alt="" coords="371,161,507,189">
<area shape="rect" id="node11" href="$orderedlinkedlist__test_8cpp.html" title="Definitions for class container_test::OrderedLinkedList_test." alt="" coords="185,238,353,266">
<area shape="rect" id="node17" href="$sortedarraylist__test_8cpp.html" title="Definitions for class container_test::SortedArrayList_test." alt="" coords="531,161,688,189">
<area shape="rect" id="node19" href="$sortedlinkedlist__test_8cpp.html" title="Definitions for class container_test::SortedLinkedList_test." alt="" coords="712,161,875,189">
<area shape="rect" id="node21" href="$sortedlist__test_8cpp.html" title="Definitions for class container_test::SortedList_test." alt="" coords="899,161,1027,189">
