<area shape="rect" id="node3" href="$classcontainer_1_1Container.html#a408b3870ae6d232ffe3c536510789ee" title="Return the number of objects in this container." alt="" coords="489,20,687,48">
<area shape="rect" id="node5" href="$classcontainer_1_1OrderedList.html#5c98df2889d33ff63466eb0fb47c8707" title="Inserts the new Entity relative to the list cursor." alt="" coords="184,96,411,124">
<area shape="rect" id="node13" href="$classcontainer_1_1Container.html#731522fdda128b8a0f70eec4ebf218f4" title="Return TRUE if the container is empty, FALSE otherwise." alt="" coords="201,45,393,73">
<area shape="rect" id="node16" href="$classcontainer_1_1LinkedList.html#fc2306d35b9ccddd35886083794160e8" title="Return TRUE if the cursor is pointing to first real node, FALSE otherwise." alt="" coords="205,147,389,175">
<area shape="rect" id="node18" href="$classcontainer_1_1LinkedList.html#f123f53aa040dd9a5c510b1dcb58a8b7" title="Return TRUE if the cursor is pointing to last real node, FALSE otherwise." alt="" coords="205,197,389,225">
<area shape="rect" id="node20" href="$classcontainer_1_1LinkedList.html#7242dc0f966d50ffdc4084e9e52d8e95" title="container::LinkedList::isTail" alt="" coords="208,248,387,276">
<area shape="rect" id="node7" href="$classcontainer_1_1OrderedList.html#ff988f9c4cd10d9c6ded214626dd3e12" title="Hide from sub&#45;classes." alt="" coords="484,71,692,99">
<area shape="rect" id="node11" href="$classcontainer_1_1OrderedList.html#1768d5ea1849e0dc6b683a746d98edeb" title="container::OrderedList::insertBefore_impl" alt="" coords="460,121,716,149">
<area shape="rect" id="node9" href="$classcontainer_1_1Container.html#4f4f526129e10c80be3415062dbdb39b" title="container::Container::incCount" alt="" coords="767,71,961,99">
