<area shape="rect" id="node3" href="$classcontainer__test_1_1SortedList__test.html#41f06ea2b9f0f6334e5de1ec9ceb2154" title="container_test::SortedList_test::insertingAndRemoving" alt="" coords="267,5,603,33">
<area shape="rect" id="node5" href="$classcontainer__test_1_1SortedList__test.html#c58dc71096f9ba79ce54a9936d0748eb" title="container_test::SortedList_test::insertSorted" alt="" coords="296,55,573,83">
<area shape="rect" id="node7" href="$namespacecontainer__test.html#ee8cfdf5cf9266d1f698a5c22b36ec6d" title="Create one of the known concrete classes ultimately derived from container::List..." alt="" coords="349,106,520,134">
<area shape="rect" id="node9" href="$classcontainer__test_1_1List__test.html#13e2792814e2890a1ae4879e2f063e73" title="container_test::List_test::cursorControl" alt="" coords="665,5,911,33">
<area shape="rect" id="node11" href="$classcontainer__test_1_1List__test.html#9d325466016507bcc7748443e2b00101" title="container_test::List_test::defaultConstructor" alt="" coords="651,55,925,83">
<area shape="rect" id="node13" href="$classcontainer__test_1_1List__test.html#403f76eb6187a02b30b57a6a1474def2" title="container_test::List_test::entityAt" alt="" coords="681,106,895,134">
<area shape="rect" id="node15" href="$classcontainer__test_1_1List__test.html#299a3fbbc3baff8d44dce5fcd42aa73f" title="container_test::List_test::locateEntity" alt="" coords="669,157,907,185">
<area shape="rect" id="node17" href="$classcontainer__test_1_1List__test.html#303eb8bc264c87dc84447b6f6d00f34b" title="container_test::List_test::purgeConents" alt="" coords="664,207,912,235">
