<area shape="rect" id="node3" href="$classcontainer_1_1OrderedList.html#ec051caf347658638a2aa66fd3d08326" title="Add an Entity to the end of the list." alt="" coords="184,55,384,83">
<area shape="rect" id="node11" href="$classcontainer_1_1LinkedList.html#9238140f1dcddba42edbae8b8c94fd43" title="Return the Entity found at the specified index in this list." alt="" coords="187,157,381,185">
<area shape="rect" id="node13" href="$classcontainer_1_1Container.html#a408b3870ae6d232ffe3c536510789ee" title="Return the number of objects in this container." alt="" coords="449,106,647,134">
<area shape="rect" id="node18" href="$classcontainer_1_1LinkedList.html#962695c83853e91923e0f2379f0272fc" title="Points the cursor to the first real node of the list." alt="" coords="191,207,377,235">
<area shape="rect" id="node5" href="$classcontainer_1_1OrderedList.html#3376af14f3c8a22505d34ff24e55e723" title="container::OrderedList::append_impl" alt="" coords="433,5,663,33">
<area shape="rect" id="node7" href="$classcontainer_1_1OrderedList.html#ff988f9c4cd10d9c6ded214626dd3e12" title="Hide from sub&#45;classes." alt="" coords="444,55,652,83">
<area shape="rect" id="node9" href="$classcontainer_1_1Container.html#4f4f526129e10c80be3415062dbdb39b" title="container::Container::incCount" alt="" coords="713,55,908,83">
<area shape="rect" id="node15" href="$classcontainer_1_1LinkedList.html#b005fdd17eca2b7039a16a7c51d2048a" title="container::LinkedList::toNext" alt="" coords="455,157,641,185">
