<area shape="rect" id="node3" href="$classcontainer_1_1LinkedList.html#40da2157f2a1f1ae3c6fab71c9ce0a86" title="container::LinkedList::currentEntity" alt="" coords="185,5,409,33">
<area shape="rect" id="node7" href="$classcontainer_1_1OrderedList.html#5c98df2889d33ff63466eb0fb47c8707" title="Inserts the new Entity relative to the list cursor." alt="" coords="184,55,411,83">
<area shape="rect" id="node15" href="$classcontainer_1_1LinkedList.html#fc2306d35b9ccddd35886083794160e8" title="Return TRUE if the cursor is pointing to first real node, FALSE otherwise." alt="" coords="205,106,389,134">
<area shape="rect" id="node17" href="$classcontainer_1_1LinkedList.html#f123f53aa040dd9a5c510b1dcb58a8b7" title="Return TRUE if the cursor is pointing to last real node, FALSE otherwise." alt="" coords="205,157,389,185">
<area shape="rect" id="node19" href="$classcontainer_1_1LinkedList.html#962695c83853e91923e0f2379f0272fc" title="Points the cursor to the first real node of the list." alt="" coords="204,207,391,235">
<area shape="rect" id="node21" href="$classcontainer_1_1LinkedList.html#ae7242c0f702a91e2aff60733622afd6" title="container::LinkedList::toLast" alt="" coords="205,258,389,286">
<area shape="rect" id="node27" href="$classcontainer_1_1LinkedList.html#2130604a96b263bc18ec2d219f608623" title="container::LinkedList::toNext" alt="" coords="204,309,391,337">
<area shape="rect" id="node29" href="$classcontainer_1_1LinkedList.html#9cb0d5780bcc092393770ec0325f7e86" title="container::LinkedList::toPrev" alt="" coords="205,359,389,387">
<area shape="rect" id="node31" href="$classcontainer_1_1LinkedList.html#660b6eb1bc5063b08d36fe83cd5003ab" title="container::LinkedList::toTail" alt="" coords="208,410,387,438">
<area shape="rect" id="node5" href="$classcontainer_1_1LinkedList.html#7242dc0f966d50ffdc4084e9e52d8e95" title="container::LinkedList::isTail" alt="" coords="499,5,677,33">
<area shape="rect" id="node9" href="$classcontainer_1_1OrderedList.html#ff988f9c4cd10d9c6ded214626dd3e12" title="Hide from sub&#45;classes." alt="" coords="484,55,692,83">
<area shape="rect" id="node13" href="$classcontainer_1_1OrderedList.html#1768d5ea1849e0dc6b683a746d98edeb" title="container::OrderedList::insertBefore_impl" alt="" coords="460,106,716,134">
<area shape="rect" id="node11" href="$classcontainer_1_1Container.html#4f4f526129e10c80be3415062dbdb39b" title="container::Container::incCount" alt="" coords="767,55,961,83">
<area shape="rect" id="node23" href="$classcontainer_1_1Container.html#731522fdda128b8a0f70eec4ebf218f4" title="Return TRUE if the container is empty, FALSE otherwise." alt="" coords="492,258,684,286">
<area shape="rect" id="node25" href="$classcontainer_1_1Container.html#a408b3870ae6d232ffe3c536510789ee" title="Return the number of objects in this container." alt="" coords="765,258,963,286">
