<area shape="rect" id="node3" href="$classcontainer__test_1_1OrderedList__test.html#3a700a4de2bb2232febaef8de683a3ce" title="container_test::OrderedList_test::append" alt="" coords="319,5,575,33">
<area shape="rect" id="node5" href="$classcontainer__test_1_1OrderedList__test.html#12530b7833490527d001cb8faf29c319" title="container_test::OrderedList_test::insertingAndRemoving" alt="" coords="275,55,619,83">
<area shape="rect" id="node7" href="$namespacecontainer__test.html#ee8cfdf5cf9266d1f698a5c22b36ec6d" title="Create one of the known concrete classes ultimately derived from container::List..." alt="" coords="361,106,532,134">
<area shape="rect" id="node9" href="$classcontainer__test_1_1List__test.html#13e2792814e2890a1ae4879e2f063e73" title="container_test::List_test::cursorControl" alt="" coords="681,5,927,33">
<area shape="rect" id="node11" href="$classcontainer__test_1_1List__test.html#9d325466016507bcc7748443e2b00101" title="container_test::List_test::defaultConstructor" alt="" coords="667,55,941,83">
<area shape="rect" id="node13" href="$classcontainer__test_1_1List__test.html#403f76eb6187a02b30b57a6a1474def2" title="container_test::List_test::entityAt" alt="" coords="697,106,911,134">
<area shape="rect" id="node15" href="$classcontainer__test_1_1List__test.html#299a3fbbc3baff8d44dce5fcd42aa73f" title="container_test::List_test::locateEntity" alt="" coords="685,157,923,185">
<area shape="rect" id="node17" href="$classcontainer__test_1_1List__test.html#303eb8bc264c87dc84447b6f6d00f34b" title="container_test::List_test::purgeConents" alt="" coords="680,207,928,235">
