<area shape="rect" id="node3" href="$orderedarraylist_8h.html" title="Header file for class container::OrderedArrayList." alt="" coords="37,83,157,111">
<area shape="rect" id="node5" href="$arraylist_8h.html" title="Header file for for class container::ArrayList." alt="" coords="5,161,83,189">
<area shape="rect" id="node19" href="$orderedlist_8h.html" title="Header file for class container::OrderedList." alt="" coords="107,161,197,189">
<area shape="rect" id="node7" href="$list_8h.html" title="Header file for class container::List." alt="" coords="73,238,121,266">
<area shape="rect" id="node9" href="$container_8h.html" title="Header file for class container::Container." alt="" coords="55,315,140,343">
<area shape="rect" id="node11" href="$entity_8h.html" title="Header file for class container::Entity." alt="" coords="65,393,129,421">
<area shape="rect" id="node13" href="$object_8h.html" title="Header file for classes container::Object and container::Object::Info." alt="" coords="23,470,89,498">
