<area shape="rect" id="node3" href="$orderedlist__test_8h.html" title="Header file for class container_test::OrderedList_test." alt="" coords="235,83,355,111">
<area shape="rect" id="node5" href="$list__test_8h.html" title="Header file for class container_test::List_test." alt="" coords="256,161,333,189">
<area shape="rect" id="node7" href="$util_8h.html" title="General utility functions from namespace util." alt="" coords="100,238,148,266">
<area shape="rect" id="node11" href="$test__util_8h.html" title="Utility functions for testing containers. Part of namespace container_test." alt="" coords="256,238,333,266">
<area shape="rect" id="node13" href="$orderedlinkedlist_8h.html" title="Header file for class container::OrderedLinkedList." alt="" coords="523,315,648,343">
<area shape="rect" id="node32" href="$orderedarraylist_8h.html" title="Header file for class container::OrderedArrayList." alt="" coords="379,315,499,343">
<area shape="rect" id="node38" href="$sortedlinkedlist_8h.html" title="Header file for class container::SortedLinkedList." alt="" coords="235,315,355,343">
<area shape="rect" id="node44" href="$sortedarraylist_8h.html" title="Header file for class container::SortedArrayList." alt="" coords="96,315,211,343">
<area shape="rect" id="node15" href="$linkedlist_8h.html" title="Header file for for classes container::LinkedList and container::LinkedList::Node..." alt="" coords="377,393,460,421">
<area shape="rect" id="node29" href="$orderedlist_8h.html" title="Header file for class container::OrderedList." alt="" coords="484,393,575,421">
<area shape="rect" id="node17" href="$list_8h.html" title="Header file for class container::List." alt="" coords="343,470,391,498">
<area shape="rect" id="node19" href="$container_8h.html" title="Header file for class container::Container." alt="" coords="324,547,409,575">
<area shape="rect" id="node21" href="$entity_8h.html" title="Header file for class container::Entity." alt="" coords="335,625,399,653">
<area shape="rect" id="node23" href="$object_8h.html" title="Header file for classes container::Object and container::Object::Info." alt="" coords="292,702,359,730">
<area shape="rect" id="node34" href="$arraylist_8h.html" title="Header file for for class container::ArrayList." alt="" coords="276,393,353,421">
<area shape="rect" id="node40" href="$sortedlist_8h.html" title="Header file for class container::SortedList." alt="" coords="167,393,252,421">
