<area shape="rect" id="node3" href="$person_8cpp.html" title="Definitions for class container_test::Person." alt="" coords="5,83,91,111">
<area shape="rect" id="node5" href="$queueimpl__test_8cpp.html" title="Definitions for class container_test::QueueImpl_test." alt="" coords="115,83,248,111">
<area shape="rect" id="node7" href="$sortedlist__test_8h.html" title="Header file for class container_test::SortedList_test." alt="" coords="272,83,387,111">
<area shape="rect" id="node15" href="$stackimpl__test_8cpp.html" title="Definitions for class container_test::StackImpl_test." alt="" coords="411,83,541,111">
<area shape="rect" id="node9" href="$sortedarraylist__test_8cpp.html" title="Definitions for class container_test::SortedArrayList_test." alt="" coords="67,161,224,189">
<area shape="rect" id="node11" href="$sortedlinkedlist__test_8cpp.html" title="Definitions for class container_test::SortedLinkedList_test." alt="" coords="248,161,411,189">
<area shape="rect" id="node13" href="$sortedlist__test_8cpp.html" title="Definitions for class container_test::SortedList_test." alt="" coords="435,161,563,189">
