<area shape="rect" id="node3" href="$queueimpl_8h.html" title="Header file for class container::QueueImpl." alt="" coords="5,83,96,111">
<area shape="rect" id="node22" href="$orderedlinkedlist_8h.html" title="Header file for class container::OrderedLinkedList." alt="" coords="264,83,389,111">
<area shape="rect" id="node28" href="$orderedarraylist_8h.html" title="Header file for class container::OrderedArrayList." alt="" coords="120,83,240,111">
<area shape="rect" id="node5" href="$queue_8h.html" title="Header file for class container::Queue." alt="" coords="59,238,125,266">
<area shape="rect" id="node17" href="$orderedlist_8h.html" title="Header file for class container::OrderedList." alt="" coords="180,161,271,189">
<area shape="rect" id="node7" href="$container_8h.html" title="Header file for class container::Container." alt="" coords="103,315,188,343">
<area shape="rect" id="node9" href="$entity_8h.html" title="Header file for class container::Entity." alt="" coords="113,393,177,421">
<area shape="rect" id="node11" href="$object_8h.html" title="Header file for classes container::Object and container::Object::Info." alt="" coords="71,470,137,498">
<area shape="rect" id="node19" href="$list_8h.html" title="Header file for class container::List." alt="" coords="175,238,223,266">
<area shape="rect" id="node24" href="$linkedlist_8h.html" title="Header file for for classes container::LinkedList and container::LinkedList::Node..." alt="" coords="295,161,377,189">
<area shape="rect" id="node30" href="$arraylist_8h.html" title="Header file for for class container::ArrayList." alt="" coords="79,161,156,189">
