<area shape="rect" id="node3" href="$sortedlist__test_8h.html" title="Header file for class container_test::SortedList_test." alt="" coords="413,83,528,111">
<area shape="rect" id="node5" href="$list__test_8h.html" title="Header file for class container_test::List_test." alt="" coords="348,161,425,189">
<area shape="rect" id="node50" href="$person_8h.html" title="Header file for class container_test::Person." alt="" coords="591,470,663,498">
<area shape="rect" id="node7" href="$util_8h.html" title="General utility functions from namespace util." alt="" coords="177,238,225,266">
<area shape="rect" id="node11" href="$test__util_8h.html" title="Utility functions for testing containers. Part of namespace container_test." alt="" coords="339,238,416,266">
<area shape="rect" id="node13" href="$orderedlinkedlist_8h.html" title="Header file for class container::OrderedLinkedList." alt="" coords="96,315,221,343">
<area shape="rect" id="node32" href="$orderedarraylist_8h.html" title="Header file for class container::OrderedArrayList." alt="" coords="389,315,509,343">
<area shape="rect" id="node38" href="$sortedlinkedlist_8h.html" title="Header file for class container::SortedLinkedList." alt="" coords="245,315,365,343">
<area shape="rect" id="node44" href="$sortedarraylist_8h.html" title="Header file for class container::SortedArrayList." alt="" coords="533,315,648,343">
<area shape="rect" id="node15" href="$linkedlist_8h.html" title="Header file for for classes container::LinkedList and container::LinkedList::Node..." alt="" coords="221,393,304,421">
<area shape="rect" id="node29" href="$orderedlist_8h.html" title="Header file for class container::OrderedList." alt="" coords="328,393,419,421">
<area shape="rect" id="node17" href="$list_8h.html" title="Header file for class container::List." alt="" coords="461,470,509,498">
<area shape="rect" id="node19" href="$container_8h.html" title="Header file for class container::Container." alt="" coords="473,547,559,575">
<area shape="rect" id="node21" href="$entity_8h.html" title="Header file for class container::Entity." alt="" coords="531,625,595,653">
<area shape="rect" id="node23" href="$object_8h.html" title="Header file for classes container::Object and container::Object::Info." alt="" coords="488,702,555,730">
<area shape="rect" id="node34" href="$arraylist_8h.html" title="Header file for for class container::ArrayList." alt="" coords="552,393,629,421">
<area shape="rect" id="node40" href="$sortedlist_8h.html" title="Header file for class container::SortedList." alt="" coords="443,393,528,421">
