<area shape="rect" id="node3" href="$sortedarraylist_8cpp.html" title="Definitions for class container::SortedArrayList." alt="" coords="217,83,345,111">
<area shape="rect" id="node5" href="$test__util_8h.html" title="Utility functions for testing containers. Part of namespace container_test." alt="" coords="369,83,447,111">
<area shape="rect" id="node7" href="$list__test_8h.html" title="Header file for class container_test::List_test." alt="" coords="315,161,392,189">
<area shape="rect" id="node29" href="$test__util_8cpp.html" title="Definitions for unit&#45;testing utility functions. Part of namespace container_test..." alt="" coords="416,161,507,189">
<area shape="rect" id="node9" href="$list__test_8cpp.html" title="Definitions for class container_test::List_test." alt="" coords="179,238,269,266">
<area shape="rect" id="node11" href="$orderedlist__test_8h.html" title="Header file for class container_test::OrderedList_test." alt="" coords="293,238,413,266">
<area shape="rect" id="node21" href="$sortedlist__test_8h.html" title="Header file for class container_test::SortedList_test." alt="" coords="644,238,759,266">
<area shape="rect" id="node13" href="$orderedarraylist__test_8cpp.html" title="Definitions for class container_test::OrderedArrayList_test." alt="" coords="5,315,168,343">
<area shape="rect" id="node15" href="$orderedlinkedlist__test_8h.html" title="Header file for class container_test::OrderedList_test." alt="" coords="192,315,347,343">
<area shape="rect" id="node19" href="$orderedlist__test_8cpp.html" title="Definitions for class container_test::OrderedList_test." alt="" coords="371,315,507,343">
<area shape="rect" id="node17" href="$orderedlinkedlist__test_8cpp.html" title="Definitions for class container_test::OrderedLinkedList_test." alt="" coords="185,393,353,421">
<area shape="rect" id="node23" href="$sortedarraylist__test_8cpp.html" title="Definitions for class container_test::SortedArrayList_test." alt="" coords="531,315,688,343">
<area shape="rect" id="node25" href="$sortedlinkedlist__test_8cpp.html" title="Definitions for class container_test::SortedLinkedList_test." alt="" coords="712,315,875,343">
<area shape="rect" id="node27" href="$sortedlist__test_8cpp.html" title="Definitions for class container_test::SortedList_test." alt="" coords="899,315,1027,343">
