<area shape="rect" id="node3" href="$list__test_8h.html" title="Header file for class container_test::List_test." alt="" coords="348,83,425,111">
<area shape="rect" id="node48" href="$person_8h.html" title="Header file for class container_test::Person." alt="" coords="591,393,663,421">
<area shape="rect" id="node5" href="$util_8h.html" title="General utility functions from namespace util." alt="" coords="177,161,225,189">
<area shape="rect" id="node9" href="$test__util_8h.html" title="Utility functions for testing containers. Part of namespace container_test." alt="" coords="339,161,416,189">
<area shape="rect" id="node11" href="$orderedlinkedlist_8h.html" title="Header file for class container::OrderedLinkedList." alt="" coords="96,238,221,266">
<area shape="rect" id="node30" href="$orderedarraylist_8h.html" title="Header file for class container::OrderedArrayList." alt="" coords="389,238,509,266">
<area shape="rect" id="node36" href="$sortedlinkedlist_8h.html" title="Header file for class container::SortedLinkedList." alt="" coords="245,238,365,266">
<area shape="rect" id="node42" href="$sortedarraylist_8h.html" title="Header file for class container::SortedArrayList." alt="" coords="533,238,648,266">
<area shape="rect" id="node13" href="$linkedlist_8h.html" title="Header file for for classes container::LinkedList and container::LinkedList::Node..." alt="" coords="221,315,304,343">
<area shape="rect" id="node27" href="$orderedlist_8h.html" title="Header file for class container::OrderedList." alt="" coords="328,315,419,343">
<area shape="rect" id="node15" href="$list_8h.html" title="Header file for class container::List." alt="" coords="461,393,509,421">
<area shape="rect" id="node17" href="$container_8h.html" title="Header file for class container::Container." alt="" coords="473,470,559,498">
<area shape="rect" id="node19" href="$entity_8h.html" title="Header file for class container::Entity." alt="" coords="531,547,595,575">
<area shape="rect" id="node21" href="$object_8h.html" title="Header file for classes container::Object and container::Object::Info." alt="" coords="488,625,555,653">
<area shape="rect" id="node32" href="$arraylist_8h.html" title="Header file for for class container::ArrayList." alt="" coords="552,315,629,343">
<area shape="rect" id="node38" href="$sortedlist_8h.html" title="Header file for class container::SortedList." alt="" coords="443,315,528,343">
