<area shape="rect" id="node3" href="$stackimpl_8h.html" title="Header file for class container::StackImpl." alt="" coords="13,83,101,111">
<area shape="rect" id="node22" href="$person_8h.html" title="Header file for class container_test::Person." alt="" coords="225,315,297,343">
<area shape="rect" id="node25" href="$orderedarraylist_8h.html" title="Header file for class container::OrderedArrayList." alt="" coords="125,83,245,111">
<area shape="rect" id="node5" href="$stack_8h.html" title="Header file for class container::Stack." alt="" coords="5,238,69,266">
<area shape="rect" id="node17" href="$orderedlist_8h.html" title="Header file for class container::OrderedList." alt="" coords="53,161,144,189">
<area shape="rect" id="node7" href="$container_8h.html" title="Header file for class container::Container." alt="" coords="76,315,161,343">
<area shape="rect" id="node9" href="$entity_8h.html" title="Header file for class container::Entity." alt="" coords="157,393,221,421">
<area shape="rect" id="node11" href="$object_8h.html" title="Header file for classes container::Object and container::Object::Info." alt="" coords="115,470,181,498">
<area shape="rect" id="node19" href="$list_8h.html" title="Header file for class container::List." alt="" coords="95,238,143,266">
<area shape="rect" id="node27" href="$arraylist_8h.html" title="Header file for for class container::ArrayList." alt="" coords="168,161,245,189">
