<area shape="rect" id="node3" href="$orderedlinkedlist_8h.html" title="Header file for class container::OrderedLinkedList." alt="" coords="5,83,131,111">
<area shape="rect" id="node22" href="$orderedarraylist_8h.html" title="Header file for class container::OrderedArrayList." alt="" coords="299,83,419,111">
<area shape="rect" id="node28" href="$sortedlinkedlist_8h.html" title="Header file for class container::SortedLinkedList." alt="" coords="155,83,275,111">
<area shape="rect" id="node34" href="$sortedarraylist_8h.html" title="Header file for class container::SortedArrayList." alt="" coords="443,83,557,111">
<area shape="rect" id="node5" href="$linkedlist_8h.html" title="Header file for for classes container::LinkedList and container::LinkedList::Node..." alt="" coords="79,161,161,189">
<area shape="rect" id="node19" href="$orderedlist_8h.html" title="Header file for class container::OrderedList." alt="" coords="185,161,276,189">
<area shape="rect" id="node7" href="$list_8h.html" title="Header file for class container::List." alt="" coords="263,238,311,266">
<area shape="rect" id="node9" href="$container_8h.html" title="Header file for class container::Container." alt="" coords="244,315,329,343">
<area shape="rect" id="node11" href="$entity_8h.html" title="Header file for class container::Entity." alt="" coords="255,393,319,421">
<area shape="rect" id="node13" href="$object_8h.html" title="Header file for classes container::Object and container::Object::Info." alt="" coords="212,470,279,498">
<area shape="rect" id="node24" href="$arraylist_8h.html" title="Header file for for class container::ArrayList." alt="" coords="409,161,487,189">
<area shape="rect" id="node30" href="$sortedlist_8h.html" title="Header file for class container::SortedList." alt="" coords="300,161,385,189">
