<area shape="rect" id="node3" href="$classcontainer_1_1List.html#40ba31dacce8673ab7a11df391e5d8e5" title="Add an Entity to the list." alt="" coords="403,55,533,83">
<area shape="rect" id="node7" href="$classcontainer_1_1Container.html#a408b3870ae6d232ffe3c536510789ee" title="Return the number of Entity objects in this container." alt="" coords="715,106,912,134">
<area shape="rect" id="node11" href="$classcontainer_1_1List.html#897fccd47e24d336fab5f414bba2bfe3" title="Return a pointer to the Entity found at the specified, zero&#45;based index." alt="" coords="391,157,545,185">
<area shape="rect" id="node14" href="$namespacecontainer__test.html#7b1a54c1a1eae53e0b9b67c6ca4b6b38" title="container_test::listFactory" alt="" coords="383,207,553,235">
<area shape="rect" id="node16" href="$classcontainer_1_1List.html#6ba14a4d94774f1df27db0c818194d17" title="Point the cursor to the first Entity in the list." alt="" coords="395,258,541,286">
<area shape="rect" id="node18" href="$classcontainer_1_1List.html#a84995ce539f4fd58ef95731fad717e8" title="Return the instance of Object::Info that describes the class of this object." alt="" coords="391,309,545,337">
<area shape="rect" id="node20" href="$classcontainer__test_1_1List__test.html#528886f68547b3149410909d79725b07" title="container_test::List_test::verifyEmptyStateCoherence" alt="" coords="304,359,632,387">
<area shape="rect" id="node22" href="$classcontainer__test_1_1List__test.html#baec730aede7d83312ae7e4f3403fa36" title="container_test::List_test::verifyNonEmptyStateCoherence_notTail" alt="" coords="269,410,667,438">
<area shape="rect" id="node5" href="$classcontainer_1_1List.html#97bc5b9e0b6aa8a83f390898af341594" title="Called by a template method." alt="" coords="732,5,895,33">
<area shape="rect" id="node9" href="$classcontainer_1_1Container.html#4f4f526129e10c80be3415062dbdb39b" title="container::Container::incCount" alt="" coords="716,55,911,83">
