<area shape="rect" id="node3" href="$classcontainer_1_1Queue.html#cf86eef19dbfb03f14f6f2ec2efac686" title="A polymorphic copy constructor." alt="" coords="493,106,653,134">
<area shape="rect" id="node5" href="$classcontainer_1_1Queue.html#f1f128af37456d3c344a27ad1660ea91" title="Remove the first Entity from the Queue and return a pointer to the Entity." alt="" coords="824,157,1000,185">
<area shape="rect" id="node11" href="$classcontainer_1_1Container.html#a408b3870ae6d232ffe3c536510789ee" title="Return the number of Entity objects in this container." alt="" coords="1111,283,1308,311">
<area shape="rect" id="node13" href="$classcontainer__test_1_1QueueImpl__test.html#5e2a49741370f83256ce706a8f6be92a" title="Copy testData and add copy to q." alt="" coords="416,385,731,413">
<area shape="rect" id="node25" href="$classcontainer_1_1Container.html#731522fdda128b8a0f70eec4ebf218f4" title="Return true if the container is empty, false otherwise." alt="" coords="816,258,1008,286">
<area shape="rect" id="node28" href="$classcontainer__test_1_1QueueImpl__test.html#0b6732c0b5d164fd8fc76f3812643c04" title="container_test::QueueImpl_test::verifyEquivalence" alt="" coords="420,207,727,235">
<area shape="rect" id="node42" href="$classcontainer__test_1_1QueueImpl__test.html#ba1adac96f0b953db5135c30279e4625" title="container_test::QueueImpl_test::verifyQueueCoherence" alt="" coords="404,461,743,489">
<area shape="rect" id="node7" href="$classcontainer_1_1Queue.html#706f5e4478ddc9a389d5ea7c10ff6e41" title="Hide from sub&#45;classes." alt="" coords="1117,131,1301,159">
<area shape="rect" id="node9" href="$classcontainer_1_1Queue.html#9aba01b891e9859093438de7fb75fdc5" title="Called by a template method." alt="" coords="1105,182,1313,210">
<area shape="rect" id="node15" href="$classcontainer_1_1Queue.html#c8f19a8dd6bede46d001ea504ae7856f" title="Add an Entity onto the end of the Queue." alt="" coords="824,410,1000,438">
<area shape="rect" id="node21" href="$classcontainer_1_1List.html#897fccd47e24d336fab5f414bba2bfe3" title="Return a pointer to the Entity found at the specified, zero&#45;based index." alt="" coords="835,461,989,489">
<area shape="rect" id="node17" href="$classcontainer_1_1Queue.html#af5fa0f3a275e76ea2e7067e247fcecc" title="Called by a template method." alt="" coords="1105,435,1313,463">
<area shape="rect" id="node19" href="$classcontainer_1_1Queue.html#7193c6349e0b90ed88f8d57080bdc845" title="Hide from sub&#45;classes." alt="" coords="1120,385,1299,413">
<area shape="rect" id="node33" href="$classcontainer__test_1_1Person.html#b66ce5873d60015b406041b14f1219cb" title="container_test::Person::getFirstName" alt="" coords="793,106,1031,134">
<area shape="rect" id="node36" href="$classcontainer__test_1_1Person.html#9d7698c847e713bc54d2f0e36005f88a" title="container_test::Person::setFirstName" alt="" coords="793,5,1031,33">
<area shape="rect" id="node40" href="$classcontainer_1_1Queue.html#1cabf3ed448ff80fe4a49e34ba1e1c28" title="Return the instance of Object::Info that describes the class of this object." alt="" coords="825,55,999,83">
<area shape="rect" id="node38" href="$classcontainer_1_1Entity.html#d506b31a1084d048229fd32869cd863b" title="container::Entity::invalidateKeyAsString" alt="" coords="1084,5,1335,33">
<area shape="rect" id="node44" href="$classcontainer_1_1OrderedList.html#ec051caf347658638a2aa66fd3d08326" title="Add an Entity to the end of the list." alt="" coords="812,663,1012,691">
<area shape="rect" id="node53" href="$classcontainer_1_1List.html#20570f605dae5bee65fa80f244d79245" title="Remove the current Entity from the list and return a pointer to it." alt="" coords="799,613,1025,641">
<area shape="rect" id="node61" href="$classcontainer_1_1List.html#6ba14a4d94774f1df27db0c818194d17" title="Point the cursor to the first Entity in the list." alt="" coords="839,562,985,590">
<area shape="rect" id="node46" href="$classcontainer_1_1OrderedList.html#3376af14f3c8a22505d34ff24e55e723" title="Called by a template method." alt="" coords="1095,714,1324,742">
<area shape="rect" id="node48" href="$classcontainer_1_1OrderedList.html#ff988f9c4cd10d9c6ded214626dd3e12" title="Hide from sub&#45;classes." alt="" coords="1105,663,1313,691">
<area shape="rect" id="node55" href="$classcontainer_1_1Container.html#94ba04bb7cc9899cb90397fc5a929457" title="container::Container::decCount" alt="" coords="1109,613,1309,641">
<area shape="rect" id="node57" href="$classcontainer_1_1List.html#49229e27ecb99867d28bf31ee70577a9" title="Called by a template method." alt="" coords="1080,562,1339,590">
