<area shape="rect" id="node3" href="$classcontainer__test_1_1List__test.html#9d325466016507bcc7748443e2b00101" title="container_test::List_test::defaultConstructor" alt="" coords="256,5,531,33">
<area shape="rect" id="node5" href="$classcontainer__test_1_1SortedList__test.html#41f06ea2b9f0f6334e5de1ec9ceb2154" title="container_test::SortedList_test::insertingAndRemoving" alt="" coords="225,55,561,83">
<area shape="rect" id="node7" href="$classcontainer__test_1_1OrderedList__test.html#12530b7833490527d001cb8faf29c319" title="container_test::OrderedList_test::insertingAndRemoving" alt="" coords="221,106,565,134">
<area shape="rect" id="node9" href="$classcontainer__test_1_1SortedList__test.html#c58dc71096f9ba79ce54a9936d0748eb" title="container_test::SortedList_test::insertSorted" alt="" coords="255,157,532,185">
<area shape="rect" id="node11" href="$classcontainer__test_1_1List__test.html#303eb8bc264c87dc84447b6f6d00f34b" title="container_test::List_test::purgeConents" alt="" coords="269,207,517,235">
<area shape="rect" id="node13" href="$classcontainer_1_1QueueImpl.html#8456c6699c7bbb39dd6630e447a2dc40" title="Write the state of an Object for debugging and demonstration." alt="" coords="284,258,503,286">
<area shape="rect" id="node15" href="$classcontainer__test_1_1List__test.html#b75a7e894691bd422d35491709cdf7ac" title="container_test::List_test::verifyEmptyStateCoherence" alt="" coords="229,309,557,337">
<area shape="rect" id="node17" href="$classcontainer__test_1_1List__test.html#2366587b05dc16937d7d3e7398d41d34" title="container_test::List_test::verifyNonEmptyStateCoherence_notTail" alt="" coords="195,359,592,387">
<area shape="rect" id="node19" href="$classcontainer__test_1_1List__test.html#8a6f498f7471f99638403a50b889941d" title="container_test::List_test::verifyNonEmptyStateCoherence_tail" alt="" coords="205,410,581,438">
