<area shape="rect" id="node3" href="$classcontainer__test_1_1OrderedList__test.html#3a700a4de2bb2232febaef8de683a3ce" title="container_test::OrderedList_test::append" alt="" coords="296,5,552,33">
<area shape="rect" id="node5" href="$classcontainer_1_1QueueImpl.html#bc0c55c24dba040546fdb9da2e69c1f3" title="Called by a template method." alt="" coords="308,55,540,83">
<area shape="rect" id="node7" href="$classcontainer_1_1StackImpl.html#38df68002f3e8f35986928ef284a6465" title="Called by a template method." alt="" coords="320,106,528,134">
<area shape="rect" id="node9" href="$classcontainer__test_1_1QueueImpl__test.html#6f609280fc5fa2164cf2918ec90b65d9" title="container_test::QueueImpl_test::QueueImpl_test" alt="" coords="273,157,575,185">
<area shape="rect" id="node11" href="$classcontainer__test_1_1StackImpl__test.html#20858efc786899260b2b5784804c2fde" title="container_test::StackImpl_test::StackImpl_test" alt="" coords="277,207,571,235">
<area shape="rect" id="node13" href="$classcontainer__test_1_1QueueImpl__test.html#ba1adac96f0b953db5135c30279e4625" title="container_test::QueueImpl_test::verifyQueueCoherence" alt="" coords="255,258,593,286">
<area shape="rect" id="node25" href="$classcontainer__test_1_1StackImpl__test.html#096c0f34ae88c7059268202670a2e5ec" title="container_test::StackImpl_test::verifyStackCoherence" alt="" coords="259,385,589,413">
<area shape="rect" id="node15" href="$classcontainer__test_1_1QueueImpl__test.html#b60b1bce7e1720d5adba3c5938ba24a3" title="container_test::QueueImpl_test::enqueueDequeueTest" alt="" coords="1040,283,1376,311">
<area shape="rect" id="node17" href="$classcontainer__test_1_1QueueImpl__test.html#7de2ab3dcaba6ee8070fa7c7453633af" title="container_test::QueueImpl_test::purgeContentsTest" alt="" coords="1048,182,1368,210">
<area shape="rect" id="node19" href="$classcontainer__test_1_1QueueImpl__test.html#56b52e2af2093f6ae41663a9d3391eb4" title="container_test::QueueImpl_test::shallowVersusDeepTest" alt="" coords="643,207,992,235">
<area shape="rect" id="node21" href="$classcontainer__test_1_1QueueImpl__test.html#a79a080b15ca678147a9d7b8051989bb" title="container_test::QueueImpl_test::startingEmpty" alt="" coords="672,258,963,286">
<area shape="rect" id="node27" href="$classcontainer__test_1_1StackImpl__test.html#8c13ed96fdd58e7d0a9d6f1cf88a763a" title="container_test::StackImpl_test::purgeContentsTest" alt="" coords="1051,449,1365,477">
<area shape="rect" id="node29" href="$classcontainer__test_1_1StackImpl__test.html#df33fa23c550722fd39d780574fe5e66" title="container_test::StackImpl_test::pushPopTest" alt="" coords="1067,373,1349,401">
<area shape="rect" id="node31" href="$classcontainer__test_1_1StackImpl__test.html#8d70fbdfc5df49bd5f9b768c91e3ad92" title="container_test::StackImpl_test::startingEmpty" alt="" coords="673,410,961,438">
