<area shape="rect" id="node3" href="$classcontainer__test_1_1List__test.html#13e2792814e2890a1ae4879e2f063e73" title="container_test::List_test::cursorControl" alt="" coords="252,5,497,33">
<area shape="rect" id="node5" href="$classcontainer__test_1_1SortedList__test.html#41f06ea2b9f0f6334e5de1ec9ceb2154" title="container_test::SortedList_test::insertingAndRemoving" alt="" coords="207,55,543,83">
<area shape="rect" id="node7" href="$classcontainer__test_1_1OrderedList__test.html#12530b7833490527d001cb8faf29c319" title="container_test::OrderedList_test::insertingAndRemoving" alt="" coords="203,106,547,134">
<area shape="rect" id="node9" href="$classcontainer__test_1_1SortedList__test.html#c58dc71096f9ba79ce54a9936d0748eb" title="container_test::SortedList_test::insertSorted" alt="" coords="236,157,513,185">
<area shape="rect" id="node11" href="$classcontainer__test_1_1List__test.html#303eb8bc264c87dc84447b6f6d00f34b" title="container_test::List_test::purgeConents" alt="" coords="251,207,499,235">
<area shape="rect" id="node13" href="$classcontainer_1_1QueueImpl.html#8456c6699c7bbb39dd6630e447a2dc40" title="Write the state of an Object for debugging and demonstration." alt="" coords="265,258,484,286">
