<area shape="rect" id="node3" href="$classcontainer_1_1List.html#32edfa9eebe1a97c093d7ee40d09110d" title="Return a pointer to the current Entity." alt="" coords="327,5,511,33">
<area shape="rect" id="node5" href="$classcontainer_1_1Container.html#a408b3870ae6d232ffe3c536510789ee" title="Return the number of Entity objects in this container." alt="" coords="320,55,517,83">
<area shape="rect" id="node7" href="$classcontainer_1_1List.html#9bf759f66d205b119f2686837d2ff161" title="Return true if the cursor is pointing to first real node, false otherwise." alt="" coords="345,106,492,134">
<area shape="rect" id="node9" href="$classcontainer_1_1List.html#3ba3527e2adb48cf742297ae45cdaa73" title="Determine whether the list cursor is pointing to the last Entity." alt="" coords="345,157,492,185">
<area shape="rect" id="node11" href="$classcontainer_1_1List.html#a04a82b31d405a86fd8ca0f6a1ad6554" title="Return true if the cursor is pointing to the list tail, false otherwise." alt="" coords="348,207,489,235">
<area shape="rect" id="node13" href="$classcontainer_1_1Queue.html#2307beafc469158cf4e3ac418cb0b5df" title="Write the state of an Object for debugging and demonstration." alt="" coords="321,258,516,286">
<area shape="rect" id="node19" href="$classcontainer_1_1List.html#6ba14a4d94774f1df27db0c818194d17" title="Point the cursor to the first Entity in the list." alt="" coords="345,309,492,337">
<area shape="rect" id="node21" href="$classcontainer_1_1List.html#3b952be6b6eabb941542ed7f373a24bd" title="Point the cursor to the next Entity in the list." alt="" coords="344,359,493,387">
<area shape="rect" id="node23" href="$classcontainer_1_1OrderedList.html#36c1782e234f04f3f8cb59d00df8d896" title="Return the instance of Object::Info that describes the class of this object." alt="" coords="317,410,520,438">
<area shape="rect" id="node15" href="$classcontainer_1_1Container.html#01b555924797ba97156d3030d253da23" title="Write the state of an Object for debugging and demonstration." alt="" coords="569,258,780,286">
<area shape="rect" id="node17" href="$classcontainer_1_1Container.html#193f907353d358525fcd4926d6f52c62" title="Return the instance of Object::Info that describes the class of this object." alt="" coords="831,258,1020,286">
