<area shape="rect" id="node3" href="$classcontainer_1_1Container.html#a408b3870ae6d232ffe3c536510789ee" title="Return the number of Entity objects in this container." alt="" coords="1031,13,1228,41">
<area shape="rect" id="node5" href="$classcontainer__test_1_1StackImpl__test.html#096c0f34ae88c7059268202670a2e5ec" title="container_test::StackImpl_test::verifyStackCoherence" alt="" coords="343,126,673,154">
<area shape="rect" id="node7" href="$classcontainer_1_1OrderedList.html#ec051caf347658638a2aa66fd3d08326" title="Add an Entity to the end of the list." alt="" coords="737,151,937,179">
<area shape="rect" id="node13" href="$classcontainer_1_1List.html#20570f605dae5bee65fa80f244d79245" title="Remove the current Entity from the list and return a pointer to it." alt="" coords="724,278,951,306">
<area shape="rect" id="node20" href="$classcontainer_1_1Container.html#731522fdda128b8a0f70eec4ebf218f4" title="Return true if the container is empty, false otherwise." alt="" coords="741,101,933,129">
<area shape="rect" id="node23" href="$classcontainer_1_1Stack.html#d63453e13a17b44d88e886541aa3b736" title="Remove the top Entity from the Stack and return a pointer to the Entity." alt="" coords="765,202,909,230">
<area shape="rect" id="node30" href="$classcontainer_1_1Stack.html#cb31868c9b72884815875a74d7632106" title="Add an Entity onto the top of the Stack." alt="" coords="761,379,913,407">
<area shape="rect" id="node36" href="$classcontainer_1_1List.html#93e127ab49bde91c0cebafcda9378a86" title="Point the cursor to the last Entity in the list." alt="" coords="764,50,911,78">
<area shape="rect" id="node9" href="$classcontainer_1_1OrderedList.html#3376af14f3c8a22505d34ff24e55e723" title="Called by a template method." alt="" coords="1015,126,1244,154">
<area shape="rect" id="node11" href="$classcontainer_1_1OrderedList.html#ff988f9c4cd10d9c6ded214626dd3e12" title="Hide from sub&#45;classes." alt="" coords="1025,75,1233,103">
<area shape="rect" id="node15" href="$classcontainer_1_1Container.html#94ba04bb7cc9899cb90397fc5a929457" title="container::Container::decCount" alt="" coords="1029,329,1229,357">
<area shape="rect" id="node17" href="$classcontainer_1_1List.html#49229e27ecb99867d28bf31ee70577a9" title="Called by a template method." alt="" coords="1000,278,1259,306">
<area shape="rect" id="node25" href="$classcontainer_1_1Stack.html#4f8d96e0415fdfe9e7fc5510cb133586" title="Hide from sub&#45;classes." alt="" coords="1040,227,1219,255">
<area shape="rect" id="node28" href="$classcontainer_1_1Stack.html#114badb6ce48511483eb7a613eff08a2" title="Called by a template method." alt="" coords="1041,177,1217,205">
<area shape="rect" id="node32" href="$classcontainer_1_1Stack.html#cf0dd4f69496026d0dbdd72cc4d1f84a" title="Hide from sub&#45;classes." alt="" coords="1041,430,1217,458">
<area shape="rect" id="node34" href="$classcontainer_1_1Stack.html#99ff20aba0452e05fed1b0c2153950fb" title="Called by a template method." alt="" coords="1037,379,1221,407">
