<area shape="rect" id="node3" href="$classcontainer_1_1QueueImpl.html#03d231fe97bb3ca8d739b4ee67ebff07" title="Called by a template method." alt="" coords="339,5,571,33">
<area shape="rect" id="node5" href="$classcontainer__test_1_1SortedList__test.html#41f06ea2b9f0f6334e5de1ec9ceb2154" title="container_test::SortedList_test::insertingAndRemoving" alt="" coords="287,55,623,83">
<area shape="rect" id="node7" href="$classcontainer__test_1_1OrderedList__test.html#12530b7833490527d001cb8faf29c319" title="container_test::OrderedList_test::insertingAndRemoving" alt="" coords="283,106,627,134">
<area shape="rect" id="node9" href="$classcontainer__test_1_1SortedList__test.html#c58dc71096f9ba79ce54a9936d0748eb" title="container_test::SortedList_test::insertSorted" alt="" coords="316,157,593,185">
<area shape="rect" id="node11" href="$classcontainer_1_1StackImpl.html#17a19c3a0de3b62f3f9df6893df885c0" title="Called by a template method." alt="" coords="355,207,555,235">
<area shape="rect" id="node13" href="$classcontainer__test_1_1List__test.html#303eb8bc264c87dc84447b6f6d00f34b" title="container_test::List_test::purgeConents" alt="" coords="331,258,579,286">
<area shape="rect" id="node15" href="$classcontainer__test_1_1QueueImpl__test.html#ba1adac96f0b953db5135c30279e4625" title="container_test::QueueImpl_test::verifyQueueCoherence" alt="" coords="285,309,624,337">
<area shape="rect" id="node27" href="$classcontainer__test_1_1StackImpl__test.html#096c0f34ae88c7059268202670a2e5ec" title="container_test::StackImpl_test::verifyStackCoherence" alt="" coords="289,385,620,413">
<area shape="rect" id="node37" href="$classcontainer__test_1_1SortedList__test.html#549170021d286d756fbe413d103956a1" title="container_test::SortedList_test::~SortedList_test" alt="" coords="303,435,607,463">
<area shape="rect" id="node17" href="$classcontainer__test_1_1QueueImpl__test.html#b60b1bce7e1720d5adba3c5938ba24a3" title="container_test::QueueImpl_test::enqueueDequeueTest" alt="" coords="1072,309,1408,337">
<area shape="rect" id="node19" href="$classcontainer__test_1_1QueueImpl__test.html#7de2ab3dcaba6ee8070fa7c7453633af" title="container_test::QueueImpl_test::purgeContentsTest" alt="" coords="1080,207,1400,235">
<area shape="rect" id="node21" href="$classcontainer__test_1_1QueueImpl__test.html#56b52e2af2093f6ae41663a9d3391eb4" title="container_test::QueueImpl_test::shallowVersusDeepTest" alt="" coords="675,233,1024,261">
<area shape="rect" id="node23" href="$classcontainer__test_1_1QueueImpl__test.html#a79a080b15ca678147a9d7b8051989bb" title="container_test::QueueImpl_test::startingEmpty" alt="" coords="704,283,995,311">
<area shape="rect" id="node29" href="$classcontainer__test_1_1StackImpl__test.html#8c13ed96fdd58e7d0a9d6f1cf88a763a" title="container_test::StackImpl_test::purgeContentsTest" alt="" coords="1083,474,1397,502">
<area shape="rect" id="node31" href="$classcontainer__test_1_1StackImpl__test.html#df33fa23c550722fd39d780574fe5e66" title="container_test::StackImpl_test::pushPopTest" alt="" coords="1099,398,1381,426">
<area shape="rect" id="node33" href="$classcontainer__test_1_1StackImpl__test.html#8d70fbdfc5df49bd5f9b768c91e3ad92" title="container_test::StackImpl_test::startingEmpty" alt="" coords="705,435,993,463">
