<area shape="rect" id="node3" href="$classcontainer_1_1ArrayList.html#36a6e7f765bf1e05f7f6cc9152fea94a" title="Write the state of an Object for debugging and demonstration." alt="" coords="311,30,519,58">
<area shape="rect" id="node5" href="$classcontainer_1_1Container.html#a408b3870ae6d232ffe3c536510789ee" title="Return the number of Entity objects in this container." alt="" coords="803,5,1000,33">
<area shape="rect" id="node7" href="$classcontainer_1_1ArrayList.html#fc8ebbb73dd888abff5ae6d3cdedb40f" title="Return true if the cursor is pointing to the list tail, false otherwise." alt="" coords="572,30,743,58">
<area shape="rect" id="node10" href="$classcontainer_1_1List.html#a27740b8446392e106f1841bd5631e38" title="Write the state of an Object for debugging and demonstration." alt="" coords="568,81,747,109">
<area shape="rect" id="node12" href="$classcontainer_1_1Container.html#01b555924797ba97156d3030d253da23" title="Write the state of an Object for debugging and demonstration." alt="" coords="796,81,1007,109">
<area shape="rect" id="node14" href="$classcontainer_1_1Container.html#193f907353d358525fcd4926d6f52c62" title="Return the instance of Object::Info that describes the class of this object." alt="" coords="1057,81,1247,109">
