<area shape="rect" id="node3" href="$classcontainer_1_1List.html#40ba31dacce8673ab7a11df391e5d8e5" title="Add an Entity to the list." alt="" coords="872,55,1003,83">
<area shape="rect" id="node7" href="$classcontainer_1_1Container.html#a408b3870ae6d232ffe3c536510789ee" title="Return the number of Entity objects in this container." alt="" coords="1185,106,1383,134">
<area shape="rect" id="node11" href="$classcontainer_1_1Entity.html#fc0e633c981a32ec3e61c7a92f860221" title="Compare this Entity with second." alt="" coords="397,309,608,337">
<area shape="rect" id="node13" href="$classcontainer_1_1List.html#32edfa9eebe1a97c093d7ee40d09110d" title="Return a pointer to the current Entity." alt="" coords="411,359,595,387">
<area shape="rect" id="node15" href="$classcontainer_1_1List.html#20570f605dae5bee65fa80f244d79245" title="Remove the current Entity from the list and return a pointer to it." alt="" coords="389,410,616,438">
<area shape="rect" id="node21" href="$classcontainer__test_1_1List__test.html#e417b82ba2162d730a8206acf49145c6" title="Creates a new test data set." alt="" coords="332,157,673,185">
<area shape="rect" id="node24" href="$classcontainer_1_1List.html#a84995ce539f4fd58ef95731fad717e8" title="Return the instance of Object::Info that describes the class of this object." alt="" coords="860,170,1015,198">
<area shape="rect" id="node26" href="$classcontainer__test_1_1List__test.html#b9ebbf5eea32eb9eb12ee69086a48c57" title="container_test::List_test::verifyNonEmptyStateCoherence_tail" alt="" coords="749,246,1125,274">
<area shape="rect" id="node29" href="$classcontainer_1_1List.html#a04a82b31d405a86fd8ca0f6a1ad6554" title="Return true if the cursor is pointing to the list tail, false otherwise." alt="" coords="432,562,573,590">
<area shape="rect" id="node31" href="$namespacecontainer__test.html#7b1a54c1a1eae53e0b9b67c6ca4b6b38" title="container_test::listFactory" alt="" coords="417,613,588,641">
<area shape="rect" id="node33" href="$classcontainer_1_1List.html#11b95f3377ff781d12b1b2a829ac8c80" title="Empties the contents of the container, deleting all Entities." alt="" coords="405,461,600,489">
<area shape="rect" id="node40" href="$classcontainer_1_1List.html#6ba14a4d94774f1df27db0c818194d17" title="Point the cursor to the first Entity in the list." alt="" coords="864,511,1011,539">
<area shape="rect" id="node43" href="$classcontainer_1_1List.html#3b952be6b6eabb941542ed7f373a24bd" title="Point the cursor to the next Entity in the list." alt="" coords="428,663,577,691">
<area shape="rect" id="node45" href="$classcontainer_1_1List.html#4e78ea72d5aa41f0049e2613d0096982" title="Point the cursor to the previous Entity in the list." alt="" coords="429,714,576,742">
<area shape="rect" id="node48" href="$classcontainer__test_1_1List__test.html#528886f68547b3149410909d79725b07" title="container_test::List_test::verifyEmptyStateCoherence" alt="" coords="339,765,667,793">
<area shape="rect" id="node50" href="$classcontainer__test_1_1List__test.html#baec730aede7d83312ae7e4f3403fa36" title="container_test::List_test::verifyNonEmptyStateCoherence_notTail" alt="" coords="304,815,701,843">
<area shape="rect" id="node5" href="$classcontainer_1_1List.html#97bc5b9e0b6aa8a83f390898af341594" title="Called by a template method." alt="" coords="1203,55,1365,83">
<area shape="rect" id="node9" href="$classcontainer_1_1Container.html#4f4f526129e10c80be3415062dbdb39b" title="container::Container::incCount" alt="" coords="1187,5,1381,33">
<area shape="rect" id="node17" href="$classcontainer_1_1Container.html#94ba04bb7cc9899cb90397fc5a929457" title="container::Container::decCount" alt="" coords="1184,385,1384,413">
<area shape="rect" id="node19" href="$classcontainer_1_1List.html#49229e27ecb99867d28bf31ee70577a9" title="Called by a template method." alt="" coords="808,410,1067,438">
<area shape="rect" id="node35" href="$classcontainer_1_1List.html#fbd615ed23e157eb39eece65bfb9320c" title="Remove the current Entity from the list and delete it from memory." alt="" coords="844,461,1031,489">
<area shape="rect" id="node38" href="$classcontainer_1_1List.html#a5b4fbf4cf0dc35ddf4a98a9886bcfb8" title="Called by a template method." alt="" coords="1175,461,1393,489">
