<area shape="rect" id="node7" href="$classcontainer_1_1ArrayList.html" title="A mostly complete array&#45;list implementation of List." alt="" coords="520,55,653,83">
<area shape="rect" id="node13" href="$classcontainer_1_1LinkedList.html" title="A mostly complete linked&#45;list implementation of List." alt="" coords="516,106,657,134">
<area shape="rect" id="node19" href="$classcontainer_1_1OrderedList.html" title="An ADT that represents a list of items." alt="" coords="512,5,661,33">
<area shape="rect" id="node23" href="$classcontainer_1_1SortedList.html" title="Abstract base class for all sorted lists." alt="" coords="516,157,657,185">
<area shape="rect" id="node2" href="$classcontainer_1_1Container.html" title="Abstract base class for all containers." alt="" coords="175,81,311,109">
<area shape="rect" id="node4" href="$classcontainer_1_1Object.html" title="The root for most classes in the container namespace." alt="" coords="5,81,125,109">
<area shape="rect" id="node9" href="$classcontainer_1_1OrderedArrayList.html" title="An array list implementation of OrderedList." alt="" coords="715,5,893,33">
<area shape="rect" id="node11" href="$classcontainer_1_1SortedArrayList.html" title="An array implementation of SortedList." alt="" coords="719,106,889,134">
<area shape="rect" id="node15" href="$classcontainer_1_1OrderedLinkedList.html" title="A linked list implementation of OrderedList." alt="" coords="711,55,897,83">
<area shape="rect" id="node17" href="$classcontainer_1_1SortedLinkedList.html" title="A linked list implementation of SortedList." alt="" coords="715,157,893,185">
