<area shape="rect" id="node3" href="$classcontainer__test_1_1QueueImpl__test.html#b60b1bce7e1720d5adba3c5938ba24a3" title="container_test::QueueImpl_test::enqueueDequeueTest" alt="" coords="1019,74,1355,102">
<area shape="rect" id="node5" href="$classcontainer_1_1Queue.html#73703873d89911c45c39092d7b4a3fe1" title="Empty the contents of the container, deleting all Entities." alt="" coords="691,226,901,254">
<area shape="rect" id="node9" href="$classcontainer__test_1_1QueueImpl__test.html#56b52e2af2093f6ae41663a9d3391eb4" title="container_test::QueueImpl_test::shallowVersusDeepTest" alt="" coords="621,23,971,51">
<area shape="rect" id="node11" href="$namespacecontainer__test.html#6586898626e52cb97af6fa1513c2d93b" title="container_test::TEST_F" alt="" coords="324,99,481,127">
<area shape="rect" id="node13" href="$classcontainer__test_1_1QueueImpl__test.html#0b6732c0b5d164fd8fc76f3812643c04" title="container_test::QueueImpl_test::verifyEquivalence" alt="" coords="249,48,556,76">
<area shape="rect" id="node16" href="$classcontainer__test_1_1QueueImpl__test.html#ba1adac96f0b953db5135c30279e4625" title="container_test::QueueImpl_test::verifyQueueCoherence" alt="" coords="233,150,572,178">
<area shape="rect" id="node7" href="$classcontainer__test_1_1QueueImpl__test.html#7de2ab3dcaba6ee8070fa7c7453633af" title="container_test::QueueImpl_test::purgeContentsTest" alt="" coords="1027,175,1347,203">
<area shape="rect" id="node21" href="$classcontainer__test_1_1QueueImpl__test.html#a79a080b15ca678147a9d7b8051989bb" title="container_test::QueueImpl_test::startingEmpty" alt="" coords="651,124,941,152">
