<area shape="rect" id="node3" href="$classcontainer_1_1List.html#40ba31dacce8673ab7a11df391e5d8e5" title="Add an Entity to the list." alt="" coords="435,55,565,83">
<area shape="rect" id="node11" href="$classcontainer_1_1Entity.html#fc0e633c981a32ec3e61c7a92f860221" title="Compare this Entity with second." alt="" coords="395,106,605,134">
<area shape="rect" id="node13" href="$classcontainer_1_1List.html#32edfa9eebe1a97c093d7ee40d09110d" title="Return a pointer to the current Entity." alt="" coords="408,157,592,185">
<area shape="rect" id="node15" href="$classcontainer_1_1List.html#9bf759f66d205b119f2686837d2ff161" title="Return true if the cursor is pointing to first real node, false otherwise." alt="" coords="427,207,573,235">
<area shape="rect" id="node17" href="$classcontainer_1_1List.html#3ba3527e2adb48cf742297ae45cdaa73" title="Determine whether the list cursor is pointing to the last Entity." alt="" coords="427,258,573,286">
<area shape="rect" id="node19" href="$namespacecontainer__test.html#ee8cfdf5cf9266d1f698a5c22b36ec6d" title="Create one of the known concrete classes ultimately derived from container::List..." alt="" coords="415,309,585,337">
<area shape="rect" id="node25" href="$classcontainer_1_1List.html#04c43a9496e5b1fdb309657c94769dfe" title="Locate the first Entity that matches the specified key." alt="" coords="411,359,589,387">
<area shape="rect" id="node27" href="$classcontainer_1_1List.html#6ba14a4d94774f1df27db0c818194d17" title="Point the cursor to the first Entity in the list." alt="" coords="427,410,573,438">
<area shape="rect" id="node29" href="$classcontainer_1_1List.html#93e127ab49bde91c0cebafcda9378a86" title="Point the cursor to the last Entity in the list." alt="" coords="427,461,573,489">
<area shape="rect" id="node31" href="$classcontainer_1_1List.html#3b952be6b6eabb941542ed7f373a24bd" title="Point the cursor to the next Entity in the list." alt="" coords="425,511,575,539">
<area shape="rect" id="node33" href="$classcontainer_1_1List.html#4e78ea72d5aa41f0049e2613d0096982" title="Point the cursor to the previous Entity in the list." alt="" coords="427,562,573,590">
<area shape="rect" id="node35" href="$classcontainer_1_1List.html#fd7450f6bc57ffb6ec57cdb77aae948f" title="Point the cursor to the tail of the list." alt="" coords="429,613,571,641">
<area shape="rect" id="node37" href="$classcontainer__test_1_1List__test.html#528886f68547b3149410909d79725b07" title="container_test::List_test::verifyEmptyStateCoherence" alt="" coords="336,663,664,691">
<area shape="rect" id="node39" href="$classcontainer__test_1_1List__test.html#baec730aede7d83312ae7e4f3403fa36" title="container_test::List_test::verifyNonEmptyStateCoherence_notTail" alt="" coords="301,714,699,742">
<area shape="rect" id="node41" href="$classcontainer__test_1_1List__test.html#b9ebbf5eea32eb9eb12ee69086a48c57" title="container_test::List_test::verifyNonEmptyStateCoherence_tail" alt="" coords="312,765,688,793">
<area shape="rect" id="node5" href="$classcontainer_1_1List.html#97bc5b9e0b6aa8a83f390898af341594" title="Called by a template method." alt="" coords="776,5,939,33">
<area shape="rect" id="node7" href="$classcontainer_1_1Container.html#a408b3870ae6d232ffe3c536510789ee" title="Return the number of Entity objects in this container." alt="" coords="759,55,956,83">
<area shape="rect" id="node9" href="$classcontainer_1_1Container.html#4f4f526129e10c80be3415062dbdb39b" title="container::Container::incCount" alt="" coords="760,106,955,134">
<area shape="rect" id="node21" href="$namespacecontainer__test.html#ad54072d20f3117cff65b9cf23f60fbb" title="Create one of the known concrete classes derived from container::OrderedList." alt="" coords="748,283,967,311">
<area shape="rect" id="node23" href="$namespacecontainer__test.html#2839b11205f4b84d0f8889f8c3d57fa9" title="Create one of the known concrete classes derived from container::SortedList." alt="" coords="752,334,963,362">
