<area shape="rect" id="node3" href="$classcontainer__test_1_1QueueImpl__test.html#5e2a49741370f83256ce706a8f6be92a" title="Copy testData and add copy to q." alt="" coords="728,157,1043,185">
<area shape="rect" id="node13" href="$classcontainer_1_1Container.html#a408b3870ae6d232ffe3c536510789ee" title="Return the number of Entity objects in this container." alt="" coords="1412,258,1609,286">
<area shape="rect" id="node16" href="$classcontainer_1_1Queue.html#73703873d89911c45c39092d7b4a3fe1" title="Empty the contents of the container, deleting all Entities." alt="" coords="415,406,625,434">
<area shape="rect" id="node25" href="$classcontainer__test_1_1QueueImpl__test.html#a79a080b15ca678147a9d7b8051989bb" title="container_test::QueueImpl_test::startingEmpty" alt="" coords="375,239,665,267">
<area shape="rect" id="node28" href="$classcontainer__test_1_1QueueImpl__test.html#ba1adac96f0b953db5135c30279e4625" title="container_test::QueueImpl_test::verifyQueueCoherence" alt="" coords="716,327,1055,355">
<area shape="rect" id="node5" href="$classcontainer_1_1Queue.html#c8f19a8dd6bede46d001ea504ae7856f" title="Add an Entity onto the end of the Queue." alt="" coords="1131,30,1307,58">
<area shape="rect" id="node11" href="$classcontainer_1_1List.html#897fccd47e24d336fab5f414bba2bfe3" title="Return a pointer to the Entity found at the specified, zero&#45;based index." alt="" coords="1141,182,1296,210">
<area shape="rect" id="node7" href="$classcontainer_1_1Queue.html#af5fa0f3a275e76ea2e7067e247fcecc" title="Called by a template method." alt="" coords="1407,55,1615,83">
<area shape="rect" id="node9" href="$classcontainer_1_1Queue.html#7193c6349e0b90ed88f8d57080bdc845" title="Hide from sub&#45;classes." alt="" coords="1421,5,1600,33">
<area shape="rect" id="node18" href="$classcontainer_1_1Queue.html#f1f128af37456d3c344a27ad1660ea91" title="Remove the first Entity from the Queue and return a pointer to the Entity." alt="" coords="1131,537,1307,565">
<area shape="rect" id="node20" href="$classcontainer_1_1Queue.html#706f5e4478ddc9a389d5ea7c10ff6e41" title="Hide from sub&#45;classes." alt="" coords="1419,613,1603,641">
<area shape="rect" id="node22" href="$classcontainer_1_1Queue.html#9aba01b891e9859093438de7fb75fdc5" title="Called by a template method." alt="" coords="1407,562,1615,590">
<area shape="rect" id="node30" href="$classcontainer_1_1OrderedList.html#ec051caf347658638a2aa66fd3d08326" title="Add an Entity to the end of the list." alt="" coords="1119,486,1319,514">
<area shape="rect" id="node39" href="$classcontainer_1_1List.html#20570f605dae5bee65fa80f244d79245" title="Remove the current Entity from the list and return a pointer to it." alt="" coords="1105,435,1332,463">
<area shape="rect" id="node46" href="$classcontainer_1_1Container.html#731522fdda128b8a0f70eec4ebf218f4" title="Return true if the container is empty, false otherwise." alt="" coords="1123,385,1315,413">
<area shape="rect" id="node49" href="$classcontainer_1_1List.html#6ba14a4d94774f1df27db0c818194d17" title="Point the cursor to the first Entity in the list." alt="" coords="1145,334,1292,362">
<area shape="rect" id="node32" href="$classcontainer_1_1OrderedList.html#3376af14f3c8a22505d34ff24e55e723" title="Called by a template method." alt="" coords="1396,511,1625,539">
<area shape="rect" id="node34" href="$classcontainer_1_1OrderedList.html#ff988f9c4cd10d9c6ded214626dd3e12" title="Hide from sub&#45;classes." alt="" coords="1407,461,1615,489">
<area shape="rect" id="node41" href="$classcontainer_1_1Container.html#94ba04bb7cc9899cb90397fc5a929457" title="container::Container::decCount" alt="" coords="1411,359,1611,387">
<area shape="rect" id="node43" href="$classcontainer_1_1List.html#49229e27ecb99867d28bf31ee70577a9" title="Called by a template method." alt="" coords="1381,410,1640,438">
