<area shape="rect" id="node3" href="$classcontainer__test_1_1QueueImpl__test.html#b60b1bce7e1720d5adba3c5938ba24a3" title="container_test::QueueImpl_test::enqueueDequeueTest" alt="" coords="997,207,1333,235">
<area shape="rect" id="node5" href="$classcontainer__test_1_1List__test.html#403f76eb6187a02b30b57a6a1474def2" title="container_test::List_test::entityAt" alt="" coords="275,55,488,83">
<area shape="rect" id="node7" href="$classcontainer__test_1_1QueueImpl__test.html#5e2a49741370f83256ce706a8f6be92a" title="Copy testData and add copy to q." alt="" coords="224,5,539,33">
<area shape="rect" id="node13" href="$classcontainer__test_1_1SortedList__test.html#c58dc71096f9ba79ce54a9936d0748eb" title="container_test::SortedList_test::insertSorted" alt="" coords="243,157,520,185">
<area shape="rect" id="node15" href="$classcontainer__test_1_1StackImpl__test.html#df33fa23c550722fd39d780574fe5e66" title="container_test::StackImpl_test::pushPopTest" alt="" coords="240,207,523,235">
<area shape="rect" id="node17" href="$classcontainer__test_1_1StackImpl__test.html#ebd6c9c554b6f28e90086db91d14ab26" title="Copy testData and add copy to s." alt="" coords="239,258,524,286">
<area shape="rect" id="node21" href="$classcontainer__test_1_1QueueImpl__test.html#ba1adac96f0b953db5135c30279e4625" title="container_test::QueueImpl_test::verifyQueueCoherence" alt="" coords="212,106,551,134">
<area shape="rect" id="node9" href="$classcontainer__test_1_1QueueImpl__test.html#7de2ab3dcaba6ee8070fa7c7453633af" title="container_test::QueueImpl_test::purgeContentsTest" alt="" coords="1005,106,1325,134">
<area shape="rect" id="node11" href="$classcontainer__test_1_1QueueImpl__test.html#56b52e2af2093f6ae41663a9d3391eb4" title="container_test::QueueImpl_test::shallowVersusDeepTest" alt="" coords="600,55,949,83">
<area shape="rect" id="node19" href="$classcontainer__test_1_1StackImpl__test.html#8c13ed96fdd58e7d0a9d6f1cf88a763a" title="container_test::StackImpl_test::purgeContentsTest" alt="" coords="617,258,932,286">
<area shape="rect" id="node26" href="$classcontainer__test_1_1QueueImpl__test.html#a79a080b15ca678147a9d7b8051989bb" title="container_test::QueueImpl_test::startingEmpty" alt="" coords="629,157,920,185">
