<area shape="rect" id="node3" href="$classcontainer__test_1_1OrderedList__test.html#3a700a4de2bb2232febaef8de683a3ce" title="container_test::OrderedList_test::append" alt="" coords="319,5,575,33">
<area shape="rect" id="node5" href="$classcontainer__test_1_1List__test.html#9d325466016507bcc7748443e2b00101" title="container_test::List_test::defaultConstructor" alt="" coords="309,55,584,83">
<area shape="rect" id="node7" href="$classcontainer_1_1ArrayList.html#1190d4d9801940bb6ef6b926f05ea996" title="Return true if the cursor is pointing to first real node, false otherwise." alt="" coords="357,106,536,134">
<area shape="rect" id="node9" href="$classcontainer_1_1ArrayList.html#79042d6a0c13d685539b82c5ad7b312e" title="Point the cursor to the previous Entity in the list." alt="" coords="779,131,957,159">
<area shape="rect" id="node11" href="$classcontainer_1_1ArrayList.html#058823f0fc0d11ef2e04fa17bd6d372c" title="Determine whether the list cursor is pointing to the last Entity." alt="" coords="359,207,535,235">
<area shape="rect" id="node13" href="$classcontainer__test_1_1QueueImpl__test.html#56b52e2af2093f6ae41663a9d3391eb4" title="container_test::QueueImpl_test::shallowVersusDeepTest" alt="" coords="693,511,1043,539">
<area shape="rect" id="node15" href="$classcontainer_1_1ArrayList.html#725c446932788a14b9bc10faa8b66ca2" title="Point the cursor to the first Entity in the list." alt="" coords="357,309,536,337">
<area shape="rect" id="node17" href="$classcontainer_1_1LinkedList.html#ae7242c0f702a91e2aff60733622afd6" title="Point the cursor to the last Entity in the list." alt="" coords="355,359,539,387">
<area shape="rect" id="node19" href="$classcontainer_1_1ArrayList.html#6f28d6a61c1892ad87821fdddafcf4e2" title="Point the cursor to the last Entity in the list." alt="" coords="357,410,536,438">
<area shape="rect" id="node22" href="$classcontainer__test_1_1List__test.html#b75a7e894691bd422d35491709cdf7ac" title="container_test::List_test::verifyEmptyStateCoherence" alt="" coords="283,461,611,489">
<area shape="rect" id="node24" href="$classcontainer__test_1_1QueueImpl__test.html#0b6732c0b5d164fd8fc76f3812643c04" title="container_test::QueueImpl_test::verifyEquivalence" alt="" coords="293,511,600,539">
<area shape="rect" id="node27" href="$classcontainer__test_1_1List__test.html#2366587b05dc16937d7d3e7398d41d34" title="container_test::List_test::verifyNonEmptyStateCoherence_notTail" alt="" coords="248,562,645,590">
<area shape="rect" id="node29" href="$classcontainer__test_1_1List__test.html#8a6f498f7471f99638403a50b889941d" title="container_test::List_test::verifyNonEmptyStateCoherence_tail" alt="" coords="259,613,635,641">
<area shape="rect" id="node31" href="$classcontainer__test_1_1QueueImpl__test.html#ba1adac96f0b953db5135c30279e4625" title="container_test::QueueImpl_test::verifyQueueCoherence" alt="" coords="277,663,616,691">
<area shape="rect" id="node42" href="$classcontainer__test_1_1StackImpl__test.html#096c0f34ae88c7059268202670a2e5ec" title="container_test::StackImpl_test::verifyStackCoherence" alt="" coords="281,765,612,793">
<area shape="rect" id="node33" href="$classcontainer__test_1_1QueueImpl__test.html#b60b1bce7e1720d5adba3c5938ba24a3" title="container_test::QueueImpl_test::enqueueDequeueTest" alt="" coords="1091,601,1427,629">
<area shape="rect" id="node35" href="$classcontainer__test_1_1QueueImpl__test.html#7de2ab3dcaba6ee8070fa7c7453633af" title="container_test::QueueImpl_test::purgeContentsTest" alt="" coords="1099,677,1419,705">
<area shape="rect" id="node38" href="$classcontainer__test_1_1QueueImpl__test.html#a79a080b15ca678147a9d7b8051989bb" title="container_test::QueueImpl_test::startingEmpty" alt="" coords="723,638,1013,666">
<area shape="rect" id="node44" href="$classcontainer__test_1_1StackImpl__test.html#8c13ed96fdd58e7d0a9d6f1cf88a763a" title="container_test::StackImpl_test::purgeContentsTest" alt="" coords="1101,765,1416,793">
<area shape="rect" id="node46" href="$classcontainer__test_1_1StackImpl__test.html#df33fa23c550722fd39d780574fe5e66" title="container_test::StackImpl_test::pushPopTest" alt="" coords="1117,827,1400,855">
<area shape="rect" id="node48" href="$classcontainer__test_1_1StackImpl__test.html#8d70fbdfc5df49bd5f9b768c91e3ad92" title="container_test::StackImpl_test::startingEmpty" alt="" coords="724,790,1012,818">
