<area shape="rect" id="node3" href="$classcontainer_1_1Stack.html#fe56390de17dbb0b7f41d9d5131c0173" title="Write the state of an Object for debugging and demonstration." alt="" coords="269,5,461,33">
<area shape="rect" id="node5" href="$classcontainer_1_1Queue.html#2307beafc469158cf4e3ac418cb0b5df" title="Write the state of an Object for debugging and demonstration." alt="" coords="268,55,463,83">
<area shape="rect" id="node9" href="$classcontainer_1_1List.html#a27740b8446392e106f1841bd5631e38" title="Write the state of an Object for debugging and demonstration." alt="" coords="276,131,455,159">
<area shape="rect" id="node7" href="$classcontainer_1_1QueueImpl.html#8456c6699c7bbb39dd6630e447a2dc40" title="Write the state of an Object for debugging and demonstration." alt="" coords="515,30,733,58">
<area shape="rect" id="node11" href="$classcontainer_1_1SortedList.html#f18c6f8d340b2e46ae61d02334a70b7e" title="Write the state of an Object for debugging and demonstration." alt="" coords="516,81,732,109">
<area shape="rect" id="node13" href="$classcontainer_1_1OrderedList.html#70023f71355e70a09cc31e887f0c387f" title="Write the state of an Object for debugging and demonstration." alt="" coords="512,131,736,159">
<area shape="rect" id="node15" href="$classcontainer_1_1LinkedList.html#a7102a731cfd2c1057fcb235a0d56a4f" title="Write the state of an Object for debugging and demonstration." alt="" coords="516,182,732,210">
<area shape="rect" id="node21" href="$classcontainer_1_1ArrayList.html#36a6e7f765bf1e05f7f6cc9152fea94a" title="Write the state of an Object for debugging and demonstration." alt="" coords="520,233,728,261">
<area shape="rect" id="node17" href="$classcontainer_1_1SortedLinkedList.html#b9b6961f9ae045bf6aa0819daef0cf14" title="Write the state of an Object for debugging and demonstration." alt="" coords="789,131,1043,159">
<area shape="rect" id="node19" href="$classcontainer_1_1OrderedLinkedList.html#7126d13c00f0a7b1fae4cfe1cec4d5d1" title="Write the state of an Object for debugging and demonstration." alt="" coords="785,182,1047,210">
<area shape="rect" id="node23" href="$classcontainer_1_1SortedArrayList.html#c99d3f044d2bf1a410f9dbe8edddcc6d" title="Write the state of an Object for debugging and demonstration." alt="" coords="792,233,1040,261">
<area shape="rect" id="node25" href="$classcontainer_1_1OrderedArrayList.html#40eb5aced453eb582c07de403a2285d0" title="Write the state of an Object for debugging and demonstration." alt="" coords="788,283,1044,311">
