<area shape="rect" id="node3" href="$classcontainer_1_1Stack.html#cb31868c9b72884815875a74d7632106" title="Add an Entity onto the top of the Stack." alt="" coords="229,81,381,109">
<area shape="rect" id="node5" href="$classcontainer__test_1_1StackImpl__test.html#df33fa23c550722fd39d780574fe5e66" title="container_test::StackImpl_test::pushPopTest" alt="" coords="1164,5,1447,33">
<area shape="rect" id="node7" href="$classcontainer__test_1_1StackImpl__test.html#ebd6c9c554b6f28e90086db91d14ab26" title="Copy testData and add copy to s." alt="" coords="812,157,1097,185">
<area shape="rect" id="node11" href="$namespacecontainer__test.html#8cfdb10a472e6bb17da18eae814d8124" title="container_test::TEST_F" alt="" coords="517,107,675,135">
<area shape="rect" id="node13" href="$classcontainer__test_1_1StackImpl__test.html#096c0f34ae88c7059268202670a2e5ec" title="container_test::StackImpl_test::verifyStackCoherence" alt="" coords="431,56,761,84">
<area shape="rect" id="node9" href="$classcontainer__test_1_1StackImpl__test.html#8c13ed96fdd58e7d0a9d6f1cf88a763a" title="container_test::StackImpl_test::purgeContentsTest" alt="" coords="1148,107,1463,135">
<area shape="rect" id="node17" href="$classcontainer__test_1_1StackImpl__test.html#8d70fbdfc5df49bd5f9b768c91e3ad92" title="container_test::StackImpl_test::startingEmpty" alt="" coords="811,56,1099,84">
