<area shape="rect" id="node3" href="$classcontainer_1_1List.html#32edfa9eebe1a97c093d7ee40d09110d" title="Returns a pointer to the current Entity." alt="" coords="339,5,523,33">
<area shape="rect" id="node5" href="$classcontainer_1_1List.html#20570f605dae5bee65fa80f244d79245" title="Remove the current Entity from the list and return a pointer to it." alt="" coords="317,55,544,83">
<area shape="rect" id="node11" href="$classcontainer_1_1List__test.html#e41f736b79188ced123e6c2bbd240c63" title="Creates a new test data set." alt="" coords="275,258,587,286">
<area shape="rect" id="node15" href="$classcontainer_1_1List__test.html#041ef4495bc8208bde7440702e6d3df8" title="container::List_test::verifyNonEmptyStateCoherence_tail" alt="" coords="645,309,992,337">
<area shape="rect" id="node17" href="$classcontainer_1_1Container.html#a408b3870ae6d232ffe3c536510789ee" title="Return the number of objects in this container." alt="" coords="1320,283,1517,311">
<area shape="rect" id="node26" href="$classcontainer_1_1List.html#a04a82b31d405a86fd8ca0f6a1ad6554" title="Return TRUE if the cursor is pointing to the list tail, FALSE otherwise." alt="" coords="1091,486,1232,514">
<area shape="rect" id="node30" href="$classcontainer_1_1Entity.html#1dbc6126c61d7ad9c465d8949af37fd2" title="container::Entity::keysMatch" alt="" coords="337,511,524,539">
<area shape="rect" id="node32" href="$classcontainer_1_1List.html#11b95f3377ff781d12b1b2a829ac8c80" title="Empties the contents of the container, deleting all Entities." alt="" coords="333,106,528,134">
<area shape="rect" id="node39" href="$classcontainer_1_1List.html#6ba14a4d94774f1df27db0c818194d17" title="Point the cursor to the first Entity in the list." alt="" coords="745,157,892,185">
<area shape="rect" id="node42" href="$classcontainer_1_1List.html#3b952be6b6eabb941542ed7f373a24bd" title="Point the cursor to the next Entity in the list." alt="" coords="356,562,505,590">
<area shape="rect" id="node44" href="$classcontainer_1_1List.html#4e78ea72d5aa41f0049e2613d0096982" title="Point the cursor to the previous Entity in the list." alt="" coords="357,613,504,641">
<area shape="rect" id="node46" href="$classcontainer_1_1List__test.html#cb90a599b8a4411453f2e5209b4e11f2" title="container::List_test::verifyEmptyStateCoherence" alt="" coords="669,359,968,387">
<area shape="rect" id="node53" href="$classcontainer_1_1List__test.html#52102b46df98396e24970cc9864dd911" title="container::List_test::verifyNonEmptyStateCoherence_notTail" alt="" coords="635,410,1003,438">
<area shape="rect" id="node7" href="$classcontainer_1_1Container.html#94ba04bb7cc9899cb90397fc5a929457" title="container::Container::decCount" alt="" coords="1061,30,1261,58">
<area shape="rect" id="node9" href="$classcontainer_1_1List.html#49229e27ecb99867d28bf31ee70577a9" title="container::List::extractCurrentEntity_impl" alt="" coords="689,55,948,83">
<area shape="rect" id="node13" href="$namespacecontainer.html#ac7cd5d230499e9c04e2646f1bb5e971" title="container::listFactory" alt="" coords="747,258,891,286">
<area shape="rect" id="node19" href="$classcontainer_1_1Container.html#731522fdda128b8a0f70eec4ebf218f4" title="Return TRUE if the container is empty, FALSE otherwise." alt="" coords="1065,283,1257,311">
<area shape="rect" id="node22" href="$classcontainer_1_1List.html#9bf759f66d205b119f2686837d2ff161" title="Returns true if the cursor is pointing to first Entity, false otherwise. true is..." alt="" coords="1088,385,1235,413">
<area shape="rect" id="node24" href="$classcontainer_1_1List.html#3ba3527e2adb48cf742297ae45cdaa73" title="Determine whether the list cursor is pointing to the last Entity." alt="" coords="1088,435,1235,463">
<area shape="rect" id="node34" href="$classcontainer_1_1List.html#fbd615ed23e157eb39eece65bfb9320c" title="Remove the current Entity from the list and deletes it." alt="" coords="725,106,912,134">
<area shape="rect" id="node37" href="$classcontainer_1_1List.html#a5b4fbf4cf0dc35ddf4a98a9886bcfb8" title="container::List::deleteCurrent_impl" alt="" coords="1052,106,1271,134">
