<area shape="rect" id="node3" href="$classcontainer__test_1_1Entity__test.html#a7ad3ce783e2a1c62ea2972c1bfd7b94" title="container_test::Entity_test::assignmentOperatorTestCore" alt="" coords="269,5,621,33">
<area shape="rect" id="node5" href="$classcontainer__test_1_1Entity__test.html#03344b2431f56714aa55c105c3662b3b" title="container_test::Entity_test::copyConstructorTestCore" alt="" coords="281,55,609,83">
<area shape="rect" id="node7" href="$classcontainer__test_1_1List__test.html#8ce99a2268c73cec4c944439d24a6c44" title="container_test::List_test::cursorControl" alt="" coords="323,106,568,134">
<area shape="rect" id="node9" href="$classcontainer__test_1_1List__test.html#9862d29fb417d3e31fd99a25a24595cf" title="container_test::List_test::locateEntity" alt="" coords="327,157,564,185">
<area shape="rect" id="node11" href="$classcontainer_1_1LinkedList.html#bc3f5dec58bed87cde84c1f200c2c1e4" title="Locate the first Entity that matches the specified key." alt="" coords="336,207,555,235">
<area shape="rect" id="node13" href="$namespacecontainer__test.html#e42748412a824f0c7585ce2258616b4b" title="container_test::TEST_F" alt="" coords="367,258,524,286">
