<area shape="rect" id="node3" href="$classcontainer_1_1LinkedList.html#a7102a731cfd2c1057fcb235a0d56a4f" title="Write the state of an Object for debugging and demonstration." alt="" coords="317,30,533,58">
<area shape="rect" id="node5" href="$classcontainer_1_1LinkedList.html#7242dc0f966d50ffdc4084e9e52d8e95" title="Return true if the cursor is pointing to the list tail, false otherwise." alt="" coords="583,5,761,33">
<area shape="rect" id="node7" href="$classcontainer_1_1List.html#a27740b8446392e106f1841bd5631e38" title="Write the state of an Object for debugging and demonstration." alt="" coords="583,55,761,83">
<area shape="rect" id="node9" href="$classcontainer_1_1Container.html#01b555924797ba97156d3030d253da23" title="Write the state of an Object for debugging and demonstration." alt="" coords="812,55,1023,83">
<area shape="rect" id="node11" href="$classcontainer_1_1Container.html#193f907353d358525fcd4926d6f52c62" title="Return the instance of Object::Info that describes the class of this object." alt="" coords="1073,55,1263,83">
