<area shape="rect" id="node3" href="$classcontainer_1_1OrderedList.html#ec051caf347658638a2aa66fd3d08326" title="Add an Entity to the end of the list." alt="" coords="567,55,767,83">
<area shape="rect" id="node11" href="$classcontainer_1_1OrderedLinkedList__test.html#d8a80556a9d475210cf0fc22d908b013" title="container::OrderedLinkedList_test::verifyNonEmptyStateCoherence_tail" alt="" coords="451,182,883,210">
<area shape="rect" id="node5" href="$classcontainer_1_1OrderedList.html#3376af14f3c8a22505d34ff24e55e723" title="container::OrderedList::append_impl" alt="" coords="932,5,1161,33">
<area shape="rect" id="node7" href="$classcontainer_1_1OrderedList.html#ff988f9c4cd10d9c6ded214626dd3e12" title="Hide from sub&#45;classes." alt="" coords="943,55,1151,83">
<area shape="rect" id="node9" href="$classcontainer_1_1Container.html#4f4f526129e10c80be3415062dbdb39b" title="container::Container::incCount" alt="" coords="1212,55,1407,83">
<area shape="rect" id="node13" href="$classcontainer_1_1Container.html#a408b3870ae6d232ffe3c536510789ee" title="Return the number of objects in this container." alt="" coords="1211,131,1408,159">
<area shape="rect" id="node15" href="$classcontainer_1_1Container.html#731522fdda128b8a0f70eec4ebf218f4" title="Return TRUE if the container is empty, FALSE otherwise." alt="" coords="951,157,1143,185">
<area shape="rect" id="node18" href="$classcontainer_1_1LinkedList.html#fc2306d35b9ccddd35886083794160e8" title="Return TRUE if the cursor is pointing to first real node, FALSE otherwise." alt="" coords="955,207,1139,235">
<area shape="rect" id="node20" href="$classcontainer_1_1LinkedList.html#f123f53aa040dd9a5c510b1dcb58a8b7" title="Return TRUE if the cursor is pointing to last real node, FALSE otherwise." alt="" coords="955,258,1139,286">
<area shape="rect" id="node22" href="$classcontainer_1_1LinkedList.html#7242dc0f966d50ffdc4084e9e52d8e95" title="container::LinkedList::isTail" alt="" coords="957,309,1136,337">
