<area shape="rect" id="node3" href="$classcontainer_1_1LinkedList.html#9238140f1dcddba42edbae8b8c94fd43" title="Return the Entity found at the specified index in this list." alt="" coords="269,5,464,33">
<area shape="rect" id="node7" href="$classcontainer_1_1OrderedList.html#1ac74cb3ce3c081af6f2cc950585e6eb" title="Return TRUE if the list is empty, FALSE otherwise." alt="" coords="264,157,469,185">
<area shape="rect" id="node9" href="$namespacecontainer.html#42493e3f63f238f64a301a213813e868" title="container::TEST_F" alt="" coords="657,55,785,83">
<area shape="rect" id="node15" href="$classcontainer_1_1LinkedList__test.html#363ee4664bf2a2094b946629d2d92c0c" title="container::LinkedList_test::verifyEmptyStateCoherence" alt="" coords="552,106,891,134">
<area shape="rect" id="node17" href="$classcontainer_1_1LinkedList__test.html#38e904abb6d357791e5d4e24421882f1" title="container::LinkedList_test::verifyNonEmptyStateCoherence_notTail" alt="" coords="519,207,924,235">
<area shape="rect" id="node19" href="$classcontainer_1_1LinkedList__test.html#89dcd4d3e0d92a9c3ed4df13a821165d" title="container::LinkedList_test::verifyNonEmptyStateCoherence_tail" alt="" coords="529,258,913,286">
<area shape="rect" id="node5" href="$namespacecontainer.html#7b025bedab1932c3c774d3398d83f9ff" title="container::TEST_F" alt="" coords="657,5,785,33">
<area shape="rect" id="node11" href="$classcontainer_1_1LinkedList.html#ae7242c0f702a91e2aff60733622afd6" title="container::LinkedList::toLast" alt="" coords="629,157,813,185">
<area shape="rect" id="node13" href="$namespacecontainer.html#db8168413c6bcec3fdec887a42477a6f" title="container::TEST_F" alt="" coords="1085,157,1213,185">
<area shape="rect" id="node21" href="$classcontainer_1_1LinkedList__test.html#6d9b3899ba601178ea2e803c37008e91" title="Creates a new test data set." alt="" coords="975,258,1324,286">
