<area shape="rect" id="node3" href="$classcontainer_1_1List.html#fbd615ed23e157eb39eece65bfb9320c" title="Remove the current Entity from the list and delete it from memory." alt="" coords="276,55,463,83">
<area shape="rect" id="node5" href="$classcontainer__test_1_1SortedList__test.html#41f06ea2b9f0f6334e5de1ec9ceb2154" title="container_test::SortedList_test::insertingAndRemoving" alt="" coords="516,5,852,33">
<area shape="rect" id="node7" href="$classcontainer__test_1_1OrderedList__test.html#12530b7833490527d001cb8faf29c319" title="container_test::OrderedList_test::insertingAndRemoving" alt="" coords="512,55,856,83">
<area shape="rect" id="node9" href="$classcontainer_1_1List.html#11b95f3377ff781d12b1b2a829ac8c80" title="Empty the contents of the container, deleting all Entities." alt="" coords="587,106,781,134">
<area shape="rect" id="node11" href="$classcontainer__test_1_1List__test.html#303eb8bc264c87dc84447b6f6d00f34b" title="container_test::List_test::purgeConents" alt="" coords="905,55,1153,83">
<area shape="rect" id="node13" href="$classcontainer_1_1ArrayList.html#34a663e17d99dfaacffe577fea3320a0" title="Free all memory associated with this list." alt="" coords="928,106,1131,134">
<area shape="rect" id="node15" href="$classcontainer_1_1LinkedList.html#8545bd0545af7a5692f8f84a3d3d6f18" title="Free all memory associated with this list." alt="" coords="921,157,1137,185">
