<area shape="rect" id="node3" href="$classcontainer__test_1_1StackImpl__test.html#df33fa23c550722fd39d780574fe5e66" title="container_test::StackImpl_test::pushPopTest" alt="" coords="940,5,1223,33">
<area shape="rect" id="node5" href="$classcontainer__test_1_1StackImpl__test.html#ebd6c9c554b6f28e90086db91d14ab26" title="Copy testData and add copy to s." alt="" coords="588,157,873,185">
<area shape="rect" id="node9" href="$namespacecontainer__test.html#8cfdb10a472e6bb17da18eae814d8124" title="container_test::TEST_F" alt="" coords="293,107,451,135">
<area shape="rect" id="node11" href="$classcontainer__test_1_1StackImpl__test.html#096c0f34ae88c7059268202670a2e5ec" title="container_test::StackImpl_test::verifyStackCoherence" alt="" coords="207,56,537,84">
<area shape="rect" id="node7" href="$classcontainer__test_1_1StackImpl__test.html#8c13ed96fdd58e7d0a9d6f1cf88a763a" title="container_test::StackImpl_test::purgeContentsTest" alt="" coords="924,107,1239,135">
<area shape="rect" id="node15" href="$classcontainer__test_1_1StackImpl__test.html#8d70fbdfc5df49bd5f9b768c91e3ad92" title="container_test::StackImpl_test::startingEmpty" alt="" coords="587,56,875,84">
