<area shape="rect" id="node1" href="$classcontainer__test_1_1List__test.html" title="Polymorphic code for testing concrete sub&#45;classes of container::List." alt="" coords="7,81,167,109">
<area shape="rect" id="node3" href="$classcontainer__test_1_1OrderedList__test.html" title="Polymorphic code for testing concrete sub&#45;classes of container::OrderedList." alt="" coords="216,55,424,83">
<area shape="rect" id="node9" href="$classcontainer__test_1_1SortedList__test.html" title="Polymorphic code for testing concrete sub&#45;classes of container::SortedList." alt="" coords="220,106,420,134">
<area shape="rect" id="node5" href="$classcontainer__test_1_1OrderedArrayList__test.html" title="Test cases for concrete class container::OrderedArrayList." alt="" coords="476,5,713,33">
<area shape="rect" id="node7" href="$classcontainer__test_1_1OrderedLinkedList__test.html" title="Test cases for concrete class container::OrderedLinkedList." alt="" coords="472,55,717,83">
<area shape="rect" id="node11" href="$classcontainer__test_1_1SortedArrayList__test.html" title="Unit tests for SortedArrayList." alt="" coords="480,106,709,134">
<area shape="rect" id="node13" href="$classcontainer__test_1_1SortedLinkedList__test.html" title="Unit tests for SortedLinkedList." alt="" coords="476,157,713,185">
