<area shape="rect" id="node3" href="$util_8h.html" title="General utility functions from namespace util." alt="" coords="100,83,148,111">
<area shape="rect" id="node7" href="$test__util_8h.html" title="Utility functions for testing containers. Part of namespace container_test." alt="" coords="256,83,333,111">
<area shape="rect" id="node9" href="$orderedlinkedlist_8h.html" title="Header file for class container::OrderedLinkedList." alt="" coords="523,161,648,189">
<area shape="rect" id="node28" href="$orderedarraylist_8h.html" title="Header file for class container::OrderedArrayList." alt="" coords="379,161,499,189">
<area shape="rect" id="node34" href="$sortedlinkedlist_8h.html" title="Header file for class container::SortedLinkedList." alt="" coords="235,161,355,189">
<area shape="rect" id="node40" href="$sortedarraylist_8h.html" title="Header file for class container::SortedArrayList." alt="" coords="96,161,211,189">
<area shape="rect" id="node11" href="$linkedlist_8h.html" title="Header file for for classes container::LinkedList and container::LinkedList::Node..." alt="" coords="377,238,460,266">
<area shape="rect" id="node25" href="$orderedlist_8h.html" title="Header file for class container::OrderedList." alt="" coords="484,238,575,266">
<area shape="rect" id="node13" href="$list_8h.html" title="Header file for class container::List." alt="" coords="343,315,391,343">
<area shape="rect" id="node15" href="$container_8h.html" title="Header file for class container::Container." alt="" coords="324,393,409,421">
<area shape="rect" id="node17" href="$entity_8h.html" title="Header file for class container::Entity." alt="" coords="335,470,399,498">
<area shape="rect" id="node19" href="$object_8h.html" title="Header file for classes container::Object and container::Object::Info." alt="" coords="292,547,359,575">
<area shape="rect" id="node30" href="$arraylist_8h.html" title="Header file for for class container::ArrayList." alt="" coords="276,238,353,266">
<area shape="rect" id="node36" href="$sortedlist_8h.html" title="Header file for class container::SortedList." alt="" coords="167,238,252,266">
