<area shape="rect" id="node3" href="$classcontainer_1_1OrderedList.html#ec051caf347658638a2aa66fd3d08326" title="Add an Entity to the end of the list." alt="" coords="193,30,393,58">
<area shape="rect" id="node11" href="$classcontainer_1_1Entity.html#85ad54649cf5626603c47ca1d8ba7077" title="container::Entity::getKey" alt="" coords="211,81,376,109">
<area shape="rect" id="node13" href="$classcontainer_1_1Entity.html#de6e328e77aaeda811470ea95daf86ce" title="container::Entity::getKeyAsString" alt="" coords="459,182,675,210">
<area shape="rect" id="node15" href="$namespaceutil.html#dde9c2ca58ba19e13c97034a046f811e" title="Converts an object into a new its string representation." alt="" coords="784,157,875,185">
<area shape="rect" id="node17" href="$classcontainer_1_1LinkedList.html#bc3f5dec58bed87cde84c1f200c2c1e4" title="Locate the first Entity that matches the specified key." alt="" coords="184,233,403,261">
<area shape="rect" id="node5" href="$classcontainer_1_1OrderedList.html#3376af14f3c8a22505d34ff24e55e723" title="container::OrderedList::append_impl" alt="" coords="452,55,681,83">
<area shape="rect" id="node7" href="$classcontainer_1_1OrderedList.html#ff988f9c4cd10d9c6ded214626dd3e12" title="Hide from sub&#45;classes." alt="" coords="463,5,671,33">
<area shape="rect" id="node9" href="$classcontainer_1_1Container.html#4f4f526129e10c80be3415062dbdb39b" title="container::Container::incCount" alt="" coords="732,5,927,33">
<area shape="rect" id="node20" href="$classcontainer_1_1LinkedList.html#b005fdd17eca2b7039a16a7c51d2048a" title="container::LinkedList::toNext" alt="" coords="473,233,660,261">
