<area shape="rect" id="node3" href="$classcontainer_1_1LinkedList.html#40da2157f2a1f1ae3c6fab71c9ce0a86" title="container::LinkedList::currentEntity" alt="" coords="187,5,411,33">
<area shape="rect" id="node5" href="$classcontainer_1_1LinkedList.html#7242dc0f966d50ffdc4084e9e52d8e95" title="container::LinkedList::isTail" alt="" coords="501,30,680,58">
<area shape="rect" id="node7" href="$classcontainer_1_1List.html#20570f605dae5bee65fa80f244d79245" title="Remove the current Entity from the list and return a pointer to it." alt="" coords="185,106,412,134">
<area shape="rect" id="node13" href="$classcontainer_1_1Container.html#a408b3870ae6d232ffe3c536510789ee" title="Return the number of objects in this container." alt="" coords="200,157,397,185">
<area shape="rect" id="node16" href="$classcontainer_1_1Entity.html#1dbc6126c61d7ad9c465d8949af37fd2" title="container::Entity::keysMatch" alt="" coords="205,207,392,235">
<area shape="rect" id="node18" href="$classcontainer_1_1List.html#11b95f3377ff781d12b1b2a829ac8c80" title="Empties the contents of the container, deleting all Entities." alt="" coords="201,258,396,286">
<area shape="rect" id="node27" href="$classcontainer_1_1LinkedList.html#962695c83853e91923e0f2379f0272fc" title="Points the cursor to the first real node of the list." alt="" coords="205,309,392,337">
<area shape="rect" id="node29" href="$classcontainer_1_1LinkedList.html#2130604a96b263bc18ec2d219f608623" title="container::LinkedList::toNext" alt="" coords="205,359,392,387">
<area shape="rect" id="node31" href="$classcontainer_1_1LinkedList.html#9cb0d5780bcc092393770ec0325f7e86" title="container::LinkedList::toPrev" alt="" coords="207,410,391,438">
<area shape="rect" id="node9" href="$classcontainer_1_1Container.html#94ba04bb7cc9899cb90397fc5a929457" title="container::Container::decCount" alt="" coords="779,131,979,159">
<area shape="rect" id="node11" href="$classcontainer_1_1List.html#49229e27ecb99867d28bf31ee70577a9" title="container::List::extractCurrentEntity_impl" alt="" coords="461,157,720,185">
<area shape="rect" id="node20" href="$classcontainer_1_1List.html#fbd615ed23e157eb39eece65bfb9320c" title="Remove the current Entity from the list and deletes it." alt="" coords="497,207,684,235">
<area shape="rect" id="node25" href="$classcontainer_1_1List.html#6ba14a4d94774f1df27db0c818194d17" title="Point the cursor to the first Entity in the list." alt="" coords="517,258,664,286">
<area shape="rect" id="node23" href="$classcontainer_1_1List.html#a5b4fbf4cf0dc35ddf4a98a9886bcfb8" title="container::List::deleteCurrent_impl" alt="" coords="769,207,988,235">
