<area shape="rect" id="node3" href="$classcontainer_1_1LinkedList.html#40da2157f2a1f1ae3c6fab71c9ce0a86" title="container::LinkedList::currentEntity" alt="" coords="187,68,411,96">
<area shape="rect" id="node5" href="$classcontainer_1_1LinkedList.html#7242dc0f966d50ffdc4084e9e52d8e95" title="container::LinkedList::isTail" alt="" coords="501,17,680,45">
<area shape="rect" id="node7" href="$classcontainer_1_1List.html#20570f605dae5bee65fa80f244d79245" title="Remove the current Entity from the list and return a pointer to it." alt="" coords="185,119,412,147">
<area shape="rect" id="node13" href="$classcontainer_1_1Container.html#a408b3870ae6d232ffe3c536510789ee" title="Return the number of objects in this container." alt="" coords="200,220,397,248">
<area shape="rect" id="node15" href="$classcontainer_1_1OrderedList.html#5c98df2889d33ff63466eb0fb47c8707" title="Inserts the new Entity relative to the list cursor." alt="" coords="185,271,412,299">
<area shape="rect" id="node24" href="$classcontainer_1_1Entity.html#1dbc6126c61d7ad9c465d8949af37fd2" title="container::Entity::keysMatch" alt="" coords="205,321,392,349">
<area shape="rect" id="node26" href="$classcontainer_1_1List.html#11b95f3377ff781d12b1b2a829ac8c80" title="Empties the contents of the container, deleting all Entities." alt="" coords="201,169,396,197">
<area shape="rect" id="node35" href="$classcontainer_1_1LinkedList.html#962695c83853e91923e0f2379f0272fc" title="Points the cursor to the first real node of the list." alt="" coords="205,372,392,400">
<area shape="rect" id="node37" href="$classcontainer_1_1LinkedList.html#2130604a96b263bc18ec2d219f608623" title="container::LinkedList::toNext" alt="" coords="205,423,392,451">
<area shape="rect" id="node39" href="$classcontainer_1_1LinkedList.html#9cb0d5780bcc092393770ec0325f7e86" title="container::LinkedList::toPrev" alt="" coords="207,473,391,501">
<area shape="rect" id="node9" href="$classcontainer_1_1Container.html#94ba04bb7cc9899cb90397fc5a929457" title="container::Container::decCount" alt="" coords="779,93,979,121">
<area shape="rect" id="node11" href="$classcontainer_1_1List.html#49229e27ecb99867d28bf31ee70577a9" title="container::List::extractCurrentEntity_impl" alt="" coords="461,119,720,147">
<area shape="rect" id="node17" href="$classcontainer_1_1OrderedList.html#ff988f9c4cd10d9c6ded214626dd3e12" title="Hide from sub&#45;classes." alt="" coords="487,271,695,299">
<area shape="rect" id="node21" href="$classcontainer_1_1OrderedList.html#1768d5ea1849e0dc6b683a746d98edeb" title="container::OrderedList::insertBefore_impl" alt="" coords="463,321,719,349">
<area shape="rect" id="node19" href="$classcontainer_1_1Container.html#4f4f526129e10c80be3415062dbdb39b" title="container::Container::incCount" alt="" coords="781,271,976,299">
<area shape="rect" id="node28" href="$classcontainer_1_1List.html#fbd615ed23e157eb39eece65bfb9320c" title="Remove the current Entity from the list and deletes it." alt="" coords="497,169,684,197">
<area shape="rect" id="node33" href="$classcontainer_1_1List.html#6ba14a4d94774f1df27db0c818194d17" title="Point the cursor to the first Entity in the list." alt="" coords="517,220,664,248">
<area shape="rect" id="node31" href="$classcontainer_1_1List.html#a5b4fbf4cf0dc35ddf4a98a9886bcfb8" title="container::List::deleteCurrent_impl" alt="" coords="769,169,988,197">
