<area shape="rect" id="node3" href="$entity_8h.html" title="Header file for class container::Entity." alt="" coords="1343,83,1407,111">
<area shape="rect" id="node117" href="$object_8cpp.html" title="Definitions for classes container::Object and container::Object::Info." alt="" coords="1431,83,1511,111">
<area shape="rect" id="node5" href="$container_8h.html" title="Header file for class container::Container." alt="" coords="1101,161,1187,189">
<area shape="rect" id="node106" href="$entity_8cpp.html" title="Definitions for class container::Entity." alt="" coords="1375,161,1452,189">
<area shape="rect" id="node108" href="$entity__test_8cpp.html" title="Definitions for class container_test::Entity_test." alt="" coords="1476,161,1583,189">
<area shape="rect" id="node110" href="$person_8h.html" title="Header file for class container_test::Person." alt="" coords="1301,393,1373,421">
<area shape="rect" id="node7" href="$list_8h.html" title="Header file for class container::List." alt="" coords="599,238,647,266">
<area shape="rect" id="node94" href="$container_8cpp.html" title="Definitions for class container::Container." alt="" coords="1201,238,1300,266">
<area shape="rect" id="node96" href="$queue_8h.html" title="Header file for class container::Queue." alt="" coords="1111,238,1177,266">
<area shape="rect" id="node101" href="$stack_8h.html" title="Header file for class container::Stack." alt="" coords="1015,238,1079,266">
<area shape="rect" id="node9" href="$arraylist_8h.html" title="Header file for for class container::ArrayList." alt="" coords="352,315,429,343">
<area shape="rect" id="node56" href="$linkedlist_8h.html" title="Header file for for classes container::LinkedList and container::LinkedList::Node..." alt="" coords="532,315,615,343">
<area shape="rect" id="node72" href="$list_8cpp.html" title="Definitions for class container::List." alt="" coords="639,315,703,343">
<area shape="rect" id="node74" href="$orderedlist_8h.html" title="Header file for class container::OrderedList." alt="" coords="825,315,916,343">
<area shape="rect" id="node88" href="$sortedlist_8h.html" title="Header file for class container::SortedList." alt="" coords="192,315,277,343">
<area shape="rect" id="node11" href="$arraylist_8cpp.html" title="Definition for class container::ArrayList." alt="" coords="267,393,357,421">
<area shape="rect" id="node13" href="$orderedarraylist_8h.html" title="Header file for class container::OrderedArrayList." alt="" coords="795,393,915,421">
<area shape="rect" id="node51" href="$sortedarraylist_8h.html" title="Header file for class container::SortedArrayList." alt="" coords="128,393,243,421">
<area shape="rect" id="node15" href="$orderedarraylist_8cpp.html" title="Definitions for class container::OrderedArrayList." alt="" coords="925,470,1061,498">
<area shape="rect" id="node17" href="$queueimpl_8cpp.html" title="Definitions for class container::QueueImpl." alt="" coords="797,470,901,498">
<area shape="rect" id="node19" href="$stackimpl_8cpp.html" title="Definitions for class container::StackImpl." alt="" coords="672,470,773,498">
<area shape="rect" id="node21" href="$test__util_8h.html" title="Utility functions for testing containers. Part of namespace container_test." alt="" coords="408,470,485,498">
<area shape="rect" id="node47" href="$queueimpl__test_8cpp.html" title="Definitions for class container_test::QueueImpl_test." alt="" coords="1240,470,1373,498">
<area shape="rect" id="node49" href="$stackimpl__test_8cpp.html" title="Definitions for class container_test::StackImpl_test." alt="" coords="1085,470,1216,498">
<area shape="rect" id="node23" href="$list__test_8h.html" title="Header file for class container_test::List_test." alt="" coords="747,547,824,575">
<area shape="rect" id="node45" href="$test__util_8cpp.html" title="Definitions for unit&#45;testing utility functions. Part of namespace container_test..." alt="" coords="401,547,492,575">
<area shape="rect" id="node25" href="$list__test_8cpp.html" title="Definitions for class container_test::List_test." alt="" coords="804,625,895,653">
<area shape="rect" id="node27" href="$orderedlist__test_8h.html" title="Header file for class container_test::OrderedList_test." alt="" coords="660,625,780,653">
<area shape="rect" id="node37" href="$sortedlist__test_8h.html" title="Header file for class container_test::SortedList_test." alt="" coords="1269,625,1384,653">
<area shape="rect" id="node29" href="$orderedarraylist__test_8cpp.html" title="Definitions for class container_test::OrderedArrayList_test." alt="" coords="456,702,619,730">
<area shape="rect" id="node31" href="$orderedlinkedlist__test_8h.html" title="Header file for class container_test::OrderedList_test." alt="" coords="643,702,797,730">
<area shape="rect" id="node35" href="$orderedlist__test_8cpp.html" title="Definitions for class container_test::OrderedList_test." alt="" coords="821,702,957,730">
<area shape="rect" id="node33" href="$orderedlinkedlist__test_8cpp.html" title="Definitions for class container_test::OrderedLinkedList_test." alt="" coords="636,779,804,807">
<area shape="rect" id="node39" href="$sortedarraylist__test_8cpp.html" title="Definitions for class container_test::SortedArrayList_test." alt="" coords="1064,702,1221,730">
<area shape="rect" id="node41" href="$sortedlinkedlist__test_8cpp.html" title="Definitions for class container_test::SortedLinkedList_test." alt="" coords="1245,702,1408,730">
<area shape="rect" id="node43" href="$sortedlist__test_8cpp.html" title="Definitions for class container_test::SortedList_test." alt="" coords="1432,702,1560,730">
<area shape="rect" id="node53" href="$sortedarraylist_8cpp.html" title="Definitions for class container::SortedArrayList." alt="" coords="99,470,227,498">
<area shape="rect" id="node58" href="$linkedlist_8cpp.html" title="Definitions for classes container::LinkedList and container::LinkedList::Node." alt="" coords="525,393,621,421">
<area shape="rect" id="node60" href="$orderedlinkedlist_8h.html" title="Header file for class container::OrderedLinkedList." alt="" coords="645,393,771,421">
<area shape="rect" id="node67" href="$sortedlinkedlist_8h.html" title="Header file for class container::SortedLinkedList." alt="" coords="381,393,501,421">
<area shape="rect" id="node62" href="$orderedlinkedlist_8cpp.html" title="Definitions for class container::OrderedLinkedList." alt="" coords="509,470,648,498">
<area shape="rect" id="node69" href="$sortedlinkedlist_8cpp.html" title="Definitions for class container::SortedLinkedList." alt="" coords="251,470,384,498">
<area shape="rect" id="node78" href="$orderedlist_8cpp.html" title="Definitions for class container::OrderedList." alt="" coords="939,393,1045,421">
<area shape="rect" id="node80" href="$queueimpl_8h.html" title="Header file for class container::QueueImpl." alt="" coords="1181,393,1272,421">
<area shape="rect" id="node84" href="$stackimpl_8h.html" title="Header file for class container::StackImpl." alt="" coords="1069,393,1157,421">
<area shape="rect" id="node92" href="$sortedlist_8cpp.html" title="Definitions for class container::SortedList." alt="" coords="5,393,104,421">
<area shape="rect" id="node98" href="$queue_8cpp.html" title="Definitions for class container::Queue." alt="" coords="1109,315,1189,343">
<area shape="rect" id="node103" href="$stack_8cpp.html" title="Definitions for class container::Stack." alt="" coords="1008,315,1085,343">
<area shape="rect" id="node112" href="$person_8cpp.html" title="Definitions for class container_test::Person." alt="" coords="1448,470,1533,498">
