<area shape="rect" id="node3" href="$orderedarraylist_8cpp.html" title="Definitions for class container::OrderedArrayList." alt="" coords="5,83,141,111">
<area shape="rect" id="node5" href="$queueimpl_8cpp.html" title="Definitions for class container::QueueImpl." alt="" coords="165,83,269,111">
<area shape="rect" id="node7" href="$stackimpl_8cpp.html" title="Definitions for class container::StackImpl." alt="" coords="293,83,395,111">
<area shape="rect" id="node9" href="$test__util_8h.html" title="Utility functions for testing containers. Part of namespace container_test." alt="" coords="419,83,496,111">
<area shape="rect" id="node35" href="$queueimpl__test_8cpp.html" title="Definitions for class container_test::QueueImpl_test." alt="" coords="520,83,653,111">
<area shape="rect" id="node37" href="$stackimpl__test_8cpp.html" title="Definitions for class container_test::StackImpl_test." alt="" coords="677,83,808,111">
<area shape="rect" id="node11" href="$list__test_8h.html" title="Header file for class container_test::List_test." alt="" coords="364,161,441,189">
<area shape="rect" id="node33" href="$test__util_8cpp.html" title="Definitions for unit&#45;testing utility functions. Part of namespace container_test..." alt="" coords="465,161,556,189">
<area shape="rect" id="node13" href="$list__test_8cpp.html" title="Definitions for class container_test::List_test." alt="" coords="228,238,319,266">
<area shape="rect" id="node15" href="$orderedlist__test_8h.html" title="Header file for class container_test::OrderedList_test." alt="" coords="343,238,463,266">
<area shape="rect" id="node25" href="$sortedlist__test_8h.html" title="Header file for class container_test::SortedList_test." alt="" coords="693,238,808,266">
<area shape="rect" id="node17" href="$orderedarraylist__test_8cpp.html" title="Definitions for class container_test::OrderedArrayList_test." alt="" coords="55,315,217,343">
<area shape="rect" id="node19" href="$orderedlinkedlist__test_8h.html" title="Header file for class container_test::OrderedList_test." alt="" coords="241,315,396,343">
<area shape="rect" id="node23" href="$orderedlist__test_8cpp.html" title="Definitions for class container_test::OrderedList_test." alt="" coords="420,315,556,343">
<area shape="rect" id="node21" href="$orderedlinkedlist__test_8cpp.html" title="Definitions for class container_test::OrderedLinkedList_test." alt="" coords="235,393,403,421">
<area shape="rect" id="node27" href="$sortedarraylist__test_8cpp.html" title="Definitions for class container_test::SortedArrayList_test." alt="" coords="580,315,737,343">
<area shape="rect" id="node29" href="$sortedlinkedlist__test_8cpp.html" title="Definitions for class container_test::SortedLinkedList_test." alt="" coords="761,315,924,343">
<area shape="rect" id="node31" href="$sortedlist__test_8cpp.html" title="Definitions for class container_test::SortedList_test." alt="" coords="948,315,1076,343">
