<area shape="rect" id="node3" href="$orderedlinkedlist__test_8h.html" title="Header file for class container_test::OrderedList_test." alt="" coords="421,83,576,111">
<area shape="rect" id="node5" href="$orderedlist__test_8h.html" title="Header file for class container_test::OrderedList_test." alt="" coords="447,161,567,189">
<area shape="rect" id="node7" href="$list__test_8h.html" title="Header file for class container_test::List_test." alt="" coords="481,238,559,266">
<area shape="rect" id="node9" href="$util_8h.html" title="General utility functions from namespace util." alt="" coords="500,315,548,343">
<area shape="rect" id="node13" href="$test__util_8h.html" title="Utility functions for testing containers. Part of namespace container_test." alt="" coords="309,315,387,343">
<area shape="rect" id="node15" href="$orderedlinkedlist_8h.html" title="Header file for class container::OrderedLinkedList." alt="" coords="432,393,557,421">
<area shape="rect" id="node34" href="$orderedarraylist_8h.html" title="Header file for class container::OrderedArrayList." alt="" coords="288,393,408,421">
<area shape="rect" id="node40" href="$sortedlinkedlist_8h.html" title="Header file for class container::SortedLinkedList." alt="" coords="144,393,264,421">
<area shape="rect" id="node46" href="$sortedarraylist_8h.html" title="Header file for class container::SortedArrayList." alt="" coords="5,393,120,421">
<area shape="rect" id="node17" href="$linkedlist_8h.html" title="Header file for for classes container::LinkedList and container::LinkedList::Node..." alt="" coords="287,470,369,498">
<area shape="rect" id="node31" href="$orderedlist_8h.html" title="Header file for class container::OrderedList." alt="" coords="393,470,484,498">
<area shape="rect" id="node19" href="$list_8h.html" title="Header file for class container::List." alt="" coords="252,547,300,575">
<area shape="rect" id="node21" href="$container_8h.html" title="Header file for class container::Container." alt="" coords="233,625,319,653">
<area shape="rect" id="node23" href="$entity_8h.html" title="Header file for class container::Entity." alt="" coords="244,702,308,730">
<area shape="rect" id="node25" href="$object_8h.html" title="Header file for classes container::Object and container::Object::Info." alt="" coords="201,779,268,807">
<area shape="rect" id="node36" href="$arraylist_8h.html" title="Header file for for class container::ArrayList." alt="" coords="185,470,263,498">
<area shape="rect" id="node42" href="$sortedlist_8h.html" title="Header file for class container::SortedList." alt="" coords="76,470,161,498">
