<area shape="rect" id="node3" href="$orderedlistqueue_8h.html" title="Header file for class container::OrderedListQueue." alt="" coords="5,83,133,111">
<area shape="rect" id="node22" href="$orderedlinkedlist_8h.html" title="Header file for class container::OrderedLinkedList." alt="" coords="301,83,427,111">
<area shape="rect" id="node28" href="$orderedarraylist_8h.html" title="Header file for class container::OrderedArrayList." alt="" coords="157,83,277,111">
<area shape="rect" id="node5" href="$queue_8h.html" title="Header file for class Queue." alt="" coords="87,238,153,266">
<area shape="rect" id="node17" href="$orderedlist_8h.html" title="Header file for class container::OrderedList." alt="" coords="208,161,299,189">
<area shape="rect" id="node7" href="$container_8h.html" title="Header file for class container::Container." alt="" coords="131,315,216,343">
<area shape="rect" id="node9" href="$entity_8h.html" title="Header file for class container::Entity." alt="" coords="141,393,205,421">
<area shape="rect" id="node11" href="$object_8h.html" title="Header file for classes container::Object and container::Object::Info." alt="" coords="99,470,165,498">
<area shape="rect" id="node19" href="$list_8h.html" title="Header file for class container::List." alt="" coords="203,238,251,266">
<area shape="rect" id="node24" href="$linkedlist_8h.html" title="Header file for for classes container::LinkedList and container::LinkedList::Node..." alt="" coords="323,161,405,189">
<area shape="rect" id="node30" href="$arraylist_8h.html" title="Header file for for class container::ArrayList." alt="" coords="107,161,184,189">
