<area shape="rect" id="node3" href="$queueimpl_8h.html" title="Header file for class container::QueueImpl." alt="" coords="12,83,103,111">
<area shape="rect" id="node22" href="$person_8h.html" title="Header file for class container_test::Person." alt="" coords="227,315,299,343">
<area shape="rect" id="node25" href="$orderedarraylist_8h.html" title="Header file for class container::OrderedArrayList." alt="" coords="127,83,247,111">
<area shape="rect" id="node5" href="$queue_8h.html" title="Header file for class container::Queue." alt="" coords="5,238,72,266">
<area shape="rect" id="node17" href="$orderedlist_8h.html" title="Header file for class container::OrderedList." alt="" coords="55,161,145,189">
<area shape="rect" id="node7" href="$container_8h.html" title="Header file for class container::Container." alt="" coords="77,315,163,343">
<area shape="rect" id="node9" href="$entity_8h.html" title="Header file for class container::Entity." alt="" coords="159,393,223,421">
<area shape="rect" id="node11" href="$object_8h.html" title="Header file for classes container::Object and container::Object::Info." alt="" coords="116,470,183,498">
<area shape="rect" id="node19" href="$list_8h.html" title="Header file for class container::List." alt="" coords="96,238,144,266">
<area shape="rect" id="node27" href="$arraylist_8h.html" title="Header file for for class container::ArrayList." alt="" coords="169,161,247,189">
