<area shape="rect" id="node3" href="$stackimpl_8h.html" title="Header file for class container::StackImpl." alt="" coords="5,83,93,111">
<area shape="rect" id="node22" href="$orderedlinkedlist_8h.html" title="Header file for class container::OrderedLinkedList." alt="" coords="261,83,387,111">
<area shape="rect" id="node28" href="$orderedarraylist_8h.html" title="Header file for class container::OrderedArrayList." alt="" coords="117,83,237,111">
<area shape="rect" id="node5" href="$stack_8h.html" title="Header file for class container::Stack." alt="" coords="60,238,124,266">
<area shape="rect" id="node17" href="$orderedlist_8h.html" title="Header file for class container::OrderedList." alt="" coords="179,161,269,189">
<area shape="rect" id="node7" href="$container_8h.html" title="Header file for class container::Container." alt="" coords="101,315,187,343">
<area shape="rect" id="node9" href="$entity_8h.html" title="Header file for class container::Entity." alt="" coords="112,393,176,421">
<area shape="rect" id="node11" href="$object_8h.html" title="Header file for classes container::Object and container::Object::Info." alt="" coords="69,470,136,498">
<area shape="rect" id="node19" href="$list_8h.html" title="Header file for class container::List." alt="" coords="173,238,221,266">
<area shape="rect" id="node24" href="$linkedlist_8h.html" title="Header file for for classes container::LinkedList and container::LinkedList::Node..." alt="" coords="293,161,376,189">
<area shape="rect" id="node30" href="$arraylist_8h.html" title="Header file for for class container::ArrayList." alt="" coords="77,161,155,189">
