<area shape="rect" id="node3" href="$list__test_8h.html" title="Header file for class container_test::List_test." alt="" coords="315,83,392,111">
<area shape="rect" id="node25" href="$test__util_8cpp.html" title="Definitions for unit&#45;testing utility functions. Part of namespace container_test..." alt="" coords="416,83,507,111">
<area shape="rect" id="node5" href="$list__test_8cpp.html" title="Definitions for class container_test::List_test." alt="" coords="179,161,269,189">
<area shape="rect" id="node7" href="$orderedlist__test_8h.html" title="Header file for class container_test::OrderedList_test." alt="" coords="293,161,413,189">
<area shape="rect" id="node17" href="$sortedlist__test_8h.html" title="Header file for class container_test::SortedList_test." alt="" coords="644,161,759,189">
<area shape="rect" id="node9" href="$orderedarraylist__test_8cpp.html" title="Definitions for class container_test::OrderedArrayList_test." alt="" coords="5,238,168,266">
<area shape="rect" id="node11" href="$orderedlinkedlist__test_8h.html" title="Header file for class container_test::OrderedList_test." alt="" coords="192,238,347,266">
<area shape="rect" id="node15" href="$orderedlist__test_8cpp.html" title="Definitions for class container_test::OrderedList_test." alt="" coords="371,238,507,266">
<area shape="rect" id="node13" href="$orderedlinkedlist__test_8cpp.html" title="Definitions for class container_test::OrderedLinkedList_test." alt="" coords="185,315,353,343">
<area shape="rect" id="node19" href="$sortedarraylist__test_8cpp.html" title="Definitions for class container_test::SortedArrayList_test." alt="" coords="531,238,688,266">
<area shape="rect" id="node21" href="$sortedlinkedlist__test_8cpp.html" title="Definitions for class container_test::SortedLinkedList_test." alt="" coords="712,238,875,266">
<area shape="rect" id="node23" href="$sortedlist__test_8cpp.html" title="Definitions for class container_test::SortedList_test." alt="" coords="899,238,1027,266">
