<area shape="rect" id="node3" href="$entity_8cpp.html" title="Definitions for class container::Entity." alt="" coords="527,83,604,111">
<area shape="rect" id="node5" href="$list__test_8h.html" title="Header file for class container_test::List_test." alt="" coords="628,83,705,111">
<area shape="rect" id="node21" href="$sortedarraylist__test_8cpp.html" title="Definitions for class container_test::SortedArrayList_test." alt="" coords="683,238,840,266">
<area shape="rect" id="node23" href="$sortedlinkedlist__test_8cpp.html" title="Definitions for class container_test::SortedLinkedList_test." alt="" coords="864,238,1027,266">
<area shape="rect" id="node7" href="$list__test_8cpp.html" title="Definitions for class container_test::List_test." alt="" coords="255,161,345,189">
<area shape="rect" id="node9" href="$orderedlist__test_8h.html" title="Header file for class container_test::OrderedList_test." alt="" coords="369,161,489,189">
<area shape="rect" id="node19" href="$sortedlist__test_8h.html" title="Header file for class container_test::SortedList_test." alt="" coords="609,161,724,189">
<area shape="rect" id="node11" href="$orderedarraylist__test_8cpp.html" title="Definitions for class container_test::OrderedArrayList_test." alt="" coords="165,238,328,266">
<area shape="rect" id="node13" href="$orderedlinkedlist__test_8h.html" title="Header file for class container_test::OrderedList_test." alt="" coords="352,238,507,266">
<area shape="rect" id="node17" href="$orderedlist__test_8cpp.html" title="Definitions for class container_test::OrderedList_test." alt="" coords="5,238,141,266">
<area shape="rect" id="node15" href="$orderedlinkedlist__test_8cpp.html" title="Definitions for class container_test::OrderedLinkedList_test." alt="" coords="345,315,513,343">
<area shape="rect" id="node25" href="$sortedlist__test_8cpp.html" title="Definitions for class container_test::SortedList_test." alt="" coords="531,238,659,266">
